Component: ARM Compiler 5.06 update 6 (build 750) Tool: armlink [4d35ed]

==============================================================================

Section Cross References

    startup_stm32g473xx.o(RESET) refers to startup_stm32g473xx.o(STACK) for __initial_sp
    startup_stm32g473xx.o(RESET) refers to startup_stm32g473xx.o(.text) for Reset_Handler
    startup_stm32g473xx.o(RESET) refers to stm32g4xx_it.o(i.NMI_Handler) for NMI_Handler
    startup_stm32g473xx.o(RESET) refers to stm32g4xx_it.o(i.HardFault_Handler) for HardFault_Handler
    startup_stm32g473xx.o(RESET) refers to stm32g4xx_it.o(i.MemManage_Handler) for MemManage_Handler
    startup_stm32g473xx.o(RESET) refers to stm32g4xx_it.o(i.BusFault_Handler) for BusFault_Handler
    startup_stm32g473xx.o(RESET) refers to stm32g4xx_it.o(i.UsageFault_Handler) for UsageFault_Handler
    startup_stm32g473xx.o(RESET) refers to port.o(.emb_text) for SVC_Handler
    startup_stm32g473xx.o(RESET) refers to stm32g4xx_it.o(i.DebugMon_Handler) for DebugMon_Handler
    startup_stm32g473xx.o(RESET) refers to port.o(i.SysTick_Handler) for SysTick_Handler
    startup_stm32g473xx.o(RESET) refers to stm32g4xx_it.o(i.TIM1_UP_TIM16_IRQHandler) for TIM1_UP_TIM16_IRQHandler
    startup_stm32g473xx.o(.text) refers to system_stm32g4xx.o(i.SystemInit) for SystemInit
    startup_stm32g473xx.o(.text) refers to entry.o(.ARM.Collect$$$$00000000) for __main
    main.o(i.DeviceInit) refers to stm32g4xx_hal.o(i.HAL_Init) for HAL_Init
    main.o(i.DeviceInit) refers to main.o(i.SystemClock_Config) for SystemClock_Config
    main.o(i.DeviceInit) refers to gpio.o(i.MX_GPIO_Init) for MX_GPIO_Init
    main.o(i.DeviceInit) refers to usart.o(i.MX_UART4_Init) for MX_UART4_Init
    main.o(i.DeviceInit) refers to usart.o(i.MX_USART1_UART_Init) for MX_USART1_UART_Init
    main.o(i.DeviceInit) refers to usart.o(i.MX_USART3_UART_Init) for MX_USART3_UART_Init
    main.o(i.DeviceInit) refers to adc.o(i.MX_ADC3_Init) for MX_ADC3_Init
    main.o(i.DeviceInit) refers to adc.o(i.MX_ADC2_Init) for MX_ADC2_Init
    main.o(i.DeviceInit) refers to i2c.o(i.MX_I2C3_Init) for MX_I2C3_Init
    main.o(i.DeviceInit) refers to i2c.o(i.MX_I2C4_Init) for MX_I2C4_Init
    main.o(i.DeviceInit) refers to key.o(i.KeyInit) for KeyInit
    main.o(i.DeviceInit) refers to printfa.o(i.__0printf) for __2printf
    main.o(i.DeviceInit) refers to main.o(.constdata) for .constdata
    main.o(i.DeviceInit) refers to main.o(i.main) for i.main
    main.o(i.HAL_TIM_PeriodElapsedCallback) refers to stm32g4xx_hal.o(i.HAL_IncTick) for HAL_IncTick
    main.o(i.SystemClock_Config) refers to memseta.o(.text) for __aeabi_memclr4
    main.o(i.SystemClock_Config) refers to stm32g4xx_hal_pwr_ex.o(i.HAL_PWREx_ControlVoltageScaling) for HAL_PWREx_ControlVoltageScaling
    main.o(i.SystemClock_Config) refers to stm32g4xx_hal_rcc.o(i.HAL_RCC_OscConfig) for HAL_RCC_OscConfig
    main.o(i.SystemClock_Config) refers to stm32g4xx_hal_rcc.o(i.HAL_RCC_ClockConfig) for HAL_RCC_ClockConfig
    main.o(i.SystemClock_Config) refers to stm32g4xx_hal_rcc_ex.o(i.HAL_RCCEx_PeriphCLKConfig) for HAL_RCCEx_PeriphCLKConfig
    main.o(i.main) refers to main.o(i.DeviceInit) for DeviceInit
    main.o(i.main) refers to printfa.o(i.__0printf) for __2printf
    main.o(i.main) refers to cmsis_os2.o(i.osKernelInitialize) for osKernelInitialize
    main.o(i.main) refers to app_freertos.o(i.MX_FREERTOS_Init) for MX_FREERTOS_Init
    main.o(i.main) refers to cmsis_os2.o(i.osKernelStart) for osKernelStart
    main.o(i.main) refers to main.o(.constdata) for .constdata
    gpio.o(i.LedControl) refers to stm32g4xx_hal_gpio.o(i.HAL_GPIO_WritePin) for HAL_GPIO_WritePin
    gpio.o(i.LedFlashTask) refers to gpio.o(i.LedControl) for LedControl
    gpio.o(i.LedFlashTask) refers to tasks.o(i.vTaskDelay) for vTaskDelay
    gpio.o(i.MX_GPIO_Init) refers to memseta.o(.text) for __aeabi_memclr4
    gpio.o(i.MX_GPIO_Init) refers to stm32g4xx_hal_gpio.o(i.HAL_GPIO_Init) for HAL_GPIO_Init
    gpio.o(i.MX_GPIO_Init) refers to stm32g4xx_hal_gpio.o(i.HAL_GPIO_WritePin) for HAL_GPIO_WritePin
    adc.o(i.HAL_ADC_MspDeInit) refers to memseta.o(.text) for __aeabi_memclr4
    adc.o(i.HAL_ADC_MspDeInit) refers to stm32g4xx_hal_gpio.o(i.HAL_GPIO_Init) for HAL_GPIO_Init
    adc.o(i.HAL_ADC_MspInit) refers to memseta.o(.text) for __aeabi_memclr4
    adc.o(i.HAL_ADC_MspInit) refers to stm32g4xx_hal_gpio.o(i.HAL_GPIO_Init) for HAL_GPIO_Init
    adc.o(i.MX_ADC2_Init) refers to memseta.o(.text) for __aeabi_memclr4
    adc.o(i.MX_ADC2_Init) refers to stm32g4xx_hal_adc.o(i.HAL_ADC_Init) for HAL_ADC_Init
    adc.o(i.MX_ADC2_Init) refers to main.o(i.Error_Handler) for Error_Handler
    adc.o(i.MX_ADC2_Init) refers to stm32g4xx_hal_adc_ex.o(i.HAL_ADCEx_MultiModeConfigChannel) for HAL_ADCEx_MultiModeConfigChannel
    adc.o(i.MX_ADC2_Init) refers to stm32g4xx_hal_adc.o(i.HAL_ADC_ConfigChannel) for HAL_ADC_ConfigChannel
    adc.o(i.MX_ADC2_Init) refers to adc.o(.bss) for .bss
[...]
    i.UARTEx_SetNbDataToProcess              0x08003e30   Section        0  stm32g4xx_hal_uart_ex.o(i.UARTEx_SetNbDataToProcess)
    UARTEx_SetNbDataToProcess                0x08003e31   Thumb Code    82  stm32g4xx_hal_uart_ex.o(i.UARTEx_SetNbDataToProcess)
    i.UART_AdvFeatureConfig                  0x08003e94   Section        0  stm32g4xx_hal_uart.o(i.UART_AdvFeatureConfig)
    i.UART_CheckIdleState                    0x08003f5c   Section        0  stm32g4xx_hal_uart.o(i.UART_CheckIdleState)
    i.UART_SetConfig                         0x08003fbc   Section        0  stm32g4xx_hal_uart.o(i.UART_SetConfig)
    i.UART_WaitOnFlagUntilTimeout            0x0800472c   Section        0  stm32g4xx_hal_uart.o(i.UART_WaitOnFlagUntilTimeout)
    i.UsageFault_Handler                     0x08004790   Section        0  stm32g4xx_it.o(i.UsageFault_Handler)
    i.__0printf                              0x08004794   Section        0  printfa.o(i.__0printf)
    i.__NVIC_SetPriority                     0x080047b4   Section        0  stm32g4xx_hal_cortex.o(i.__NVIC_SetPriority)
    __NVIC_SetPriority                       0x080047b5   Thumb Code    32  stm32g4xx_hal_cortex.o(i.__NVIC_SetPriority)
    i.__scatterload_copy                     0x080047d4   Section       14  handlers.o(i.__scatterload_copy)
    i.__scatterload_null                     0x080047e2   Section        2  handlers.o(i.__scatterload_null)
    i.__scatterload_zeroinit                 0x080047e4   Section       14  handlers.o(i.__scatterload_zeroinit)
    i._fp_digits                             0x080047f4   Section        0  printfa.o(i._fp_digits)
    _fp_digits                               0x080047f5   Thumb Code   366  printfa.o(i._fp_digits)
    i._printf_core                           0x08004978   Section        0  printfa.o(i._printf_core)
    _printf_core                             0x08004979   Thumb Code  1744  printfa.o(i._printf_core)
    i._printf_post_padding                   0x08005054   Section        0  printfa.o(i._printf_post_padding)
    _printf_post_padding                     0x08005055   Thumb Code    36  printfa.o(i._printf_post_padding)
    i._printf_pre_padding                    0x08005078   Section        0  printfa.o(i._printf_pre_padding)
    _printf_pre_padding                      0x08005079   Thumb Code    46  printfa.o(i._printf_pre_padding)
    i.fputc                                  0x080050a8   Section        0  usart.o(i.fputc)
    i.isNewKey                               0x080050c0   Section        0  key.o(i.isNewKey)
    i.main                                   0x080050dc   Section        0  main.o(i.main)
    i.osDelay                                0x08005104   Section        0  cmsis_os2.o(i.osDelay)
    i.osKernelInitialize                     0x08005138   Section        0  cmsis_os2.o(i.osKernelInitialize)
    i.osKernelStart                          0x0800516c   Section        0  cmsis_os2.o(i.osKernelStart)
    i.osThreadNew                            0x080051a8   Section        0  cmsis_os2.o(i.osThreadNew)
    i.prvAddCurrentTaskToDelayedList         0x0800524c   Section        0  tasks.o(i.prvAddCurrentTaskToDelayedList)
    prvAddCurrentTaskToDelayedList           0x0800524d   Thumb Code    84  tasks.o(i.prvAddCurrentTaskToDelayedList)
    i.prvAddNewTaskToReadyList               0x080052a8   Section        0  tasks.o(i.prvAddNewTaskToReadyList)
    prvAddNewTaskToReadyList                 0x080052a9   Thumb Code   190  tasks.o(i.prvAddNewTaskToReadyList)
    i.prvCheckForValidListAndQueue           0x08005378   Section        0  timers.o(i.prvCheckForValidListAndQueue)
    prvCheckForValidListAndQueue             0x08005379   Thumb Code    72  timers.o(i.prvCheckForValidListAndQueue)
    i.prvCopyDataFromQueue                   0x080053d0   Section        0  queue.o(i.prvCopyDataFromQueue)
    prvCopyDataFromQueue                     0x080053d1   Thumb Code    38  queue.o(i.prvCopyDataFromQueue)
    i.prvCopyDataToQueue                     0x080053f6   Section        0  queue.o(i.prvCopyDataToQueue)
    prvCopyDataToQueue                       0x080053f7   Thumb Code   108  queue.o(i.prvCopyDataToQueue)
    i.prvDeleteTCB                           0x08005462   Section        0  tasks.o(i.prvDeleteTCB)
    prvDeleteTCB                             0x08005463   Thumb Code    52  tasks.o(i.prvDeleteTCB)
    i.prvHeapInit                            0x08005498   Section        0  heap_4.o(i.prvHeapInit)
    prvHeapInit                              0x08005499   Thumb Code    66  heap_4.o(i.prvHeapInit)
    i.prvIdleTask                            0x080054e4   Section        0  tasks.o(i.prvIdleTask)
    prvIdleTask                              0x080054e5   Thumb Code    82  tasks.o(i.prvIdleTask)
    i.prvInitialiseNewQueue                  0x08005544   Section        0  queue.o(i.prvInitialiseNewQueue)
    prvInitialiseNewQueue                    0x08005545   Thumb Code    34  queue.o(i.prvInitialiseNewQueue)
    i.prvInitialiseNewTask                   0x08005568   Section        0  tasks.o(i.prvInitialiseNewTask)
    prvInitialiseNewTask                     0x08005569   Thumb Code   176  tasks.o(i.prvInitialiseNewTask)
    i.prvInsertBlockIntoFreeList             0x08005618   Section        0  heap_4.o(i.prvInsertBlockIntoFreeList)
    prvInsertBlockIntoFreeList               0x08005619   Thumb Code    72  heap_4.o(i.prvInsertBlockIntoFreeList)
    i.prvInsertTimerInActiveList             0x08005664   Section        0  timers.o(i.prvInsertTimerInActiveList)
    prvInsertTimerInActiveList               0x08005665   Thumb Code    52  timers.o(i.prvInsertTimerInActiveList)
    i.prvIsQueueEmpty                        0x0800569c   Section        0  queue.o(i.prvIsQueueEmpty)
    prvIsQueueEmpty                          0x0800569d   Thumb Code    28  queue.o(i.prvIsQueueEmpty)
    i.prvProcessReceivedCommands             0x080056b8   Section        0  timers.o(i.prvProcessReceivedCommands)
    prvProcessReceivedCommands               0x080056b9   Thumb Code   248  timers.o(i.prvProcessReceivedCommands)
    i.prvProcessTimerOrBlockTask             0x080057b4   Section        0  timers.o(i.prvProcessTimerOrBlockTask)
    prvProcessTimerOrBlockTask               0x080057b5   Thumb Code   182  timers.o(i.prvProcessTimerOrBlockTask)
    i.prvResetNextTaskUnblockTime            0x08005874   Section        0  tasks.o(i.prvResetNextTaskUnblockTime)
    prvResetNextTaskUnblockTime              0x08005875   Thumb Code    26  tasks.o(i.prvResetNextTaskUnblockTime)
    i.prvSampleTimeNow                       0x08005894   Section        0  timers.o(i.prvSampleTimeNow)
    prvSampleTimeNow                         0x08005895   Thumb Code    36  timers.o(i.prvSampleTimeNow)
    i.prvSwitchTimerLists                    0x080058bc   Section        0  timers.o(i.prvSwitchTimerLists)
    prvSwitchTimerLists                      0x080058bd   Thumb Code   104  timers.o(i.prvSwitchTimerLists)
    i.prvTaskExitError                       0x08005928   Section        0  port.o(i.prvTaskExitError)
    prvTaskExitError                         0x08005929   Thumb Code    36  port.o(i.prvTaskExitError)
    i.prvTimerTask                           0x08005950   Section        0  timers.o(i.prvTimerTask)
    prvTimerTask                             0x08005951   Thumb Code    32  timers.o(i.prvTimerTask)
    i.prvUnlockQueue                         0x08005974   Section        0  queue.o(i.prvUnlockQueue)
    prvUnlockQueue                           0x08005975   Thumb Code   106  queue.o(i.prvUnlockQueue)
    i.pvPortMalloc                           0x080059e0   Section        0  heap_4.o(i.pvPortMalloc)
    i.pxPortInitialiseStack                  0x08005ab8   Section        0  port.o(i.pxPortInitialiseStack)
    i.uxListRemove                           0x08005ae4   Section        0  list.o(i.uxListRemove)
    i.vApplicationGetIdleTaskMemory          0x08005b0c   Section        0  cmsis_os2.o(i.vApplicationGetIdleTaskMemory)
    i.vApplicationGetTimerTaskMemory         0x08005b20   Section        0  cmsis_os2.o(i.vApplicationGetTimerTaskMemory)
    i.vListInitialise                        0x08005b38   Section        0  list.o(i.vListInitialise)
    i.vListInitialiseItem                    0x08005b4e   Section        0  list.o(i.vListInitialiseItem)
    i.vListInsert                            0x08005b54   Section        0  list.o(i.vListInsert)
    i.vListInsertEnd                         0x08005b84   Section        0  list.o(i.vListInsertEnd)
    i.vPortEnterCritical                     0x08005b9c   Section        0  port.o(i.vPortEnterCritical)
    i.vPortExitCritical                      0x08005bdc   Section        0  port.o(i.vPortExitCritical)
    i.vPortFree                              0x08005c04   Section        0  heap_4.o(i.vPortFree)
    i.vPortSetupTimerInterrupt               0x08005c60   Section        0  port.o(i.vPortSetupTimerInterrupt)
    i.vPortValidateInterruptPriority         0x08005c84   Section        0  port.o(i.vPortValidateInterruptPriority)
    i.vQueueAddToRegistry                    0x08005cd8   Section        0  queue.o(i.vQueueAddToRegistry)
    i.vQueueWaitForMessageRestricted         0x08005d00   Section        0  queue.o(i.vQueueWaitForMessageRestricted)
    i.vTaskDelay                             0x08005d44   Section        0  tasks.o(i.vTaskDelay)
    i.vTaskInternalSetTimeOutState           0x08005d90   Section        0  tasks.o(i.vTaskInternalSetTimeOutState)
    i.vTaskMissedYield                       0x08005da0   Section        0  tasks.o(i.vTaskMissedYield)
    i.vTaskPlaceOnEventList                  0x08005dac   Section        0  tasks.o(i.vTaskPlaceOnEventList)
    i.vTaskPlaceOnEventListRestricted        0x08005ddc   Section        0  tasks.o(i.vTaskPlaceOnEventListRestricted)
    i.vTaskStartScheduler                    0x08005e14   Section        0  tasks.o(i.vTaskStartScheduler)
    i.vTaskSuspendAll                        0x08005e9c   Section        0  tasks.o(i.vTaskSuspendAll)
    i.vTaskSwitchContext                     0x08005eac   Section        0  tasks.o(i.vTaskSwitchContext)
    i.xPortStartScheduler                    0x08005f10   Section        0  port.o(i.xPortStartScheduler)
    i.xQueueGenericCreate                    0x08006004   Section        0  queue.o(i.xQueueGenericCreate)
    i.xQueueGenericCreateStatic              0x0800604c   Section        0  queue.o(i.xQueueGenericCreateStatic)
    i.xQueueGenericReset                     0x080060b4   Section        0  queue.o(i.xQueueGenericReset)
    i.xQueueGenericSend                      0x0800613c   Section        0  queue.o(i.xQueueGenericSend)
    i.xQueueGenericSendFromISR               0x0800629c   Section        0  queue.o(i.xQueueGenericSendFromISR)
    i.xQueueReceive                          0x08006358   Section        0  queue.o(i.xQueueReceive)
    i.xTaskCheckForTimeOut                   0x08006490   Section        0  tasks.o(i.xTaskCheckForTimeOut)
    i.xTaskCreate                            0x08006504   Section        0  tasks.o(i.xTaskCreate)
    i.xTaskCreateStatic                      0x0800655e   Section        0  tasks.o(i.xTaskCreateStatic)
    i.xTaskGetSchedulerState                 0x080065b4   Section        0  tasks.o(i.xTaskGetSchedulerState)
    i.xTaskGetTickCount                      0x080065d0   Section        0  tasks.o(i.xTaskGetTickCount)
    i.xTaskIncrementTick                     0x080065dc   Section        0  tasks.o(i.xTaskIncrementTick)
    i.xTaskPriorityDisinherit                0x080066a4   Section        0  tasks.o(i.xTaskPriorityDisinherit)
    i.xTaskRemoveFromEventList               0x08006724   Section        0  tasks.o(i.xTaskRemoveFromEventList)
    i.xTaskResumeAll                         0x08006794   Section        0  tasks.o(i.xTaskResumeAll)
    i.xTimerCreateTimerTask                  0x08006858   Section        0  timers.o(i.xTimerCreateTimerTask)
    i.xTimerGenericCommand                   0x080068b8   Section        0  timers.o(i.xTimerGenericCommand)
    .constdata                               0x08006920   Section       24  main.o(.constdata)
    __FUNCTION__                             0x08006920   Data          11  main.o(.constdata)
    __FUNCTION__                             0x0800692b   Data          13  main.o(.constdata)
    .constdata                               0x08006938   Section      216  app_freertos.o(.constdata)
    .constdata                               0x08006a10   Section       36  key.o(.constdata)
    .constdata                               0x08006a34   Section       16  system_stm32g4xx.o(.constdata)
    .constdata                               0x08006a44   Section        8  system_stm32g4xx.o(.constdata)
    .conststring                             0x08006a4c   Section       72  app_freertos.o(.conststring)
    .conststring                             0x08006a94   Section       13  key.o(.conststring)
    .data                                    0x20000000   Section       12  key.o(.data)
    flag                                     0x20000000   Data           1  key.o(.data)
    .data                                    0x2000000c   Section       12  stm32g4xx_hal.o(.data)
    .data                                    0x20000018   Section        4  system_stm32g4xx.o(.data)
    .data                                    0x2000001c   Section       60  tasks.o(.data)
    pxDelayedTaskList                        0x20000020   Data           4  tasks.o(.data)
    pxOverflowDelayedTaskList                0x20000024   Data           4  tasks.o(.data)
    uxDeletedTasksWaitingCleanUp             0x20000028   Data           4  tasks.o(.data)
    uxCurrentNumberOfTasks                   0x2000002c   Data           4  tasks.o(.data)
    xTickCount                               0x20000030   Data           4  tasks.o(.data)
    uxTopReadyPriority                       0x20000034   Data           4  tasks.o(.data)
    xSchedulerRunning                        0x20000038   Data           4  tasks.o(.data)
    uxPendedTicks                            0x2000003c   Data           4  tasks.o(.data)
    xYieldPending                            0x20000040   Data           4  tasks.o(.data)
    xNumOfOverflows                          0x20000044   Data           4  tasks.o(.data)
    uxTaskNumber                             0x20000048   Data           4  tasks.o(.data)
    xNextTaskUnblockTime                     0x2000004c   Data           4  tasks.o(.data)
    xIdleTaskHandle                          0x20000050   Data           4  tasks.o(.data)
    uxSchedulerSuspended                     0x20000054   Data           4  tasks.o(.data)
    .data                                    0x20000058   Section       20  timers.o(.data)
    pxCurrentTimerList                       0x20000058   Data           4  timers.o(.data)
    pxOverflowTimerList                      0x2000005c   Data           4  timers.o(.data)
    xTimerQueue                              0x20000060   Data           4  timers.o(.data)
    xTimerTaskHandle                         0x20000064   Data           4  timers.o(.data)
    xLastTime                                0x20000068   Data           4  timers.o(.data)
    .data                                    0x2000006c   Section        4  cmsis_os2.o(.data)
    KernelState                              0x2000006c   Data           4  cmsis_os2.o(.data)
    .data                                    0x20000070   Section       24  heap_4.o(.data)
    pxEnd                                    0x20000070   Data           4  heap_4.o(.data)
    xFreeBytesRemaining                      0x20000074   Data           4  heap_4.o(.data)
    xMinimumEverFreeBytesRemaining           0x20000078   Data           4  heap_4.o(.data)
    xBlockAllocatedBit                       0x2000007c   Data           4  heap_4.o(.data)
    xStart                                   0x20000080   Data           8  heap_4.o(.data)
    .data                                    0x20000088   Section       12  port.o(.data)
    ucMaxSysCallPriority                     0x20000088   Data           1  port.o(.data)
    uxCriticalNesting                        0x2000008c   Data           4  port.o(.data)
    ulMaxPRIGROUPValue                       0x20000090   Data           4  port.o(.data)
    .data                                    0x20000094   Section        4  stdout.o(.data)
    .bss                                     0x20000098   Section      216  adc.o(.bss)
    .bss                                     0x20000170   Section       24  app_freertos.o(.bss)
    .bss                                     0x20000188   Section      420  usart.o(.bss)
    .bss                                     0x2000032c   Section       76  stm32g4xx_hal_timebase_tim.o(.bss)
    .bss                                     0x20000378   Section       10  key.o(.bss)
    .bss                                     0x20000384   Section      152  i2c.o(.bss)
    .bss                                     0x2000041c   Section       64  queue.o(.bss)
    .bss                                     0x2000045c   Section     1220  tasks.o(.bss)
    pxReadyTasksLists                        0x2000045c   Data        1120  tasks.o(.bss)
    xDelayedTaskList1                        0x200008bc   Data          20  tasks.o(.bss)
    xDelayedTaskList2                        0x200008d0   Data          20  tasks.o(.bss)
    xPendingReadyList                        0x200008e4   Data          20  tasks.o(.bss)
    xTasksWaitingTermination                 0x200008f8   Data          20  tasks.o(.bss)
    xSuspendedTaskList                       0x2000090c   Data          20  tasks.o(.bss)
    .bss                                     0x20000920   Section      280  timers.o(.bss)
    xActiveTimerList1                        0x20000920   Data          20  timers.o(.bss)
    xActiveTimerList2                        0x20000934   Data          20  timers.o(.bss)
    xStaticTimerQueue                        0x20000948   Data          80  timers.o(.bss)
    ucStaticTimerQueueStorage                0x20000998   Data         160  timers.o(.bss)
    .bss                                     0x20000a38   Section     1720  cmsis_os2.o(.bss)
    Idle_TCB                                 0x20000a38   Data          92  cmsis_os2.o(.bss)
    Idle_Stack                               0x20000a94   Data         512  cmsis_os2.o(.bss)
    Timer_TCB                                0x20000c94   Data          92  cmsis_os2.o(.bss)
    Timer_Stack                              0x20000cf0   Data        1024  cmsis_os2.o(.bss)
    .bss                                     0x200010f0   Section     3072  heap_4.o(.bss)
    ucHeap                                   0x200010f0   Data        3072  heap_4.o(.bss)
    STACK                                    0x20001cf0   Section     1024  startup_stm32g473xx.o(STACK)

    Global Symbols

    Symbol Name                              Value     Ov Type        Size  Object(Section)

    BuildAttributes$$THM_ISAv4$E$P$D$K$B$S$7EM$VFPi3$EXTD16$VFPS$VFMA$PE$A:L22UL41UL21$X:L11$S22US41US21$IEEE1$IW$USESV6$~STKCKD$USESV7$~SHL$OSPACE$ROPI$EBA8$MICROLIB$REQ8$PRES8$EABIv2 0x00000000   Number         0  anon$$obj.o ABSOLUTE
    __ARM_use_no_argv                        0x00000000   Number         0  main.o ABSOLUTE
    _printf_a                                0x00000000   Number         0  stubs.o ABSOLUTE
    _printf_c                                0x00000000   Number         0  stubs.o ABSOLUTE
    _printf_charcount                        0x00000000   Number         0  stubs.o ABSOLUTE
    _printf_d                                0x00000000   Number         0  stubs.o ABSOLUTE
    _printf_e                                0x00000000   Number         0  stubs.o ABSOLUTE
    _printf_f                                0x00000000   Number         0  stubs.o ABSOLUTE
    _printf_flags                            0x00000000   Number         0  stubs.o ABSOLUTE
    _printf_fp_dec                           0x00000000   Number         0  stubs.o ABSOLUTE
    _printf_fp_hex                           0x00000000   Number         0  stubs.o ABSOLUTE
    _printf_g                                0x00000000   Number         0  stubs.o ABSOLUTE
    _printf_i                                0x00000000   Number         0  stubs.o ABSOLUTE
    _printf_int_dec                          0x00000000   Number         0  stubs.o ABSOLUTE
    _printf_l                                0x00000000   Number         0  stubs.o ABSOLUTE
    _printf_lc                               0x00000000   Number         0  stubs.o ABSOLUTE
    _printf_ll                               0x00000000   Number         0  stubs.o ABSOLUTE
    _printf_lld                              0x00000000   Number         0  stubs.o ABSOLUTE
    _printf_lli                              0x00000000   Number         0  stubs.o ABSOLUTE
    _printf_llo                              0x00000000   Number         0  stubs.o ABSOLUTE
    _printf_llu                              0x00000000   Number         0  stubs.o ABSOLUTE
    _printf_llx                              0x00000000   Number         0  stubs.o ABSOLUTE
    _printf_longlong_dec                     0x00000000   Number         0  stubs.o ABSOLUTE
    _printf_longlong_hex                     0x00000000   Number         0  stubs.o ABSOLUTE
    _printf_longlong_oct                     0x00000000   Number         0  stubs.o ABSOLUTE
    _printf_ls                               0x00000000   Number         0  stubs.o ABSOLUTE
    _printf_mbtowc                           0x00000000   Number         0  stubs.o ABSOLUTE
    _printf_n                                0x00000000   Number         0  stubs.o ABSOLUTE
    _printf_o                                0x00000000   Number         0  stubs.o ABSOLUTE
    _printf_p                                0x00000000   Number         0  stubs.o ABSOLUTE
    _printf_percent                          0x00000000   Number         0  stubs.o ABSOLUTE
    _printf_pre_padding                      0x00000000   Number         0  stubs.o ABSOLUTE
    _printf_return_value                     0x00000000   Number         0  stubs.o ABSOLUTE
    _printf_s                                0x00000000   Number         0  stubs.o ABSOLUTE
    _printf_sizespec                         0x00000000   Number         0  stubs.o ABSOLUTE
    _printf_str                              0x00000000   Number         0  stubs.o ABSOLUTE
    _printf_truncate_signed                  0x00000000   Number         0  stubs.o ABSOLUTE
    _printf_truncate_unsigned                0x00000000   Number         0  stubs.o ABSOLUTE
    _printf_u                                0x00000000   Number         0  stubs.o ABSOLUTE
    _printf_wc                               0x00000000   Number         0  stubs.o ABSOLUTE
    _printf_wctomb                           0x00000000   Number         0  stubs.o ABSOLUTE
    _printf_widthprec                        0x00000000   Number         0  stubs.o ABSOLUTE
    _printf_x                                0x00000000   Number         0  stubs.o ABSOLUTE
    __cpp_initialize__aeabi_                  - Undefined Weak Reference
    __cxa_finalize                            - Undefined Weak Reference
    __decompress                              - Undefined Weak Reference
    _clock_init                               - Undefined Weak Reference
    _microlib_exit                            - Undefined Weak Reference
    __Vectors_Size                           0x000001d8   Number         0  startup_stm32g473xx.o ABSOLUTE
    __Vectors                                0x08000000   Data           4  startup_stm32g473xx.o(RESET)
    __Vectors_End                            0x080001d8   Data           0  startup_stm32g473xx.o(RESET)
    __main                                   0x080001d9   Thumb Code     0  entry.o(.ARM.Collect$$$$00000000)
    _main_stk                                0x080001d9   Thumb Code     0  entry2.o(.ARM.Collect$$$$00000001)
    _main_scatterload                        0x080001dd   Thumb Code     0  entry5.o(.ARM.Collect$$$$00000004)
    __main_after_scatterload                 0x080001e1   Thumb Code     0  entry5.o(.ARM.Collect$$$$00000004)
    _main_clock                              0x080001e1   Thumb Code     0  entry7b.o(.ARM.Collect$$$$00000008)
    _main_cpp_init                           0x080001e1   Thumb Code     0  entry8b.o(.ARM.Collect$$$$0000000A)
    _main_init                               0x080001e1   Thumb Code     0  entry9a.o(.ARM.Collect$$$$0000000B)
    __rt_final_cpp                           0x080001e9   Thumb Code     0  entry10a.o(.ARM.Collect$$$$0000000D)
    __rt_final_exit                          0x080001e9   Thumb Code     0  entry11a.o(.ARM.Collect$$$$0000000F)
    SVC_Handler                              0x080001ed   Thumb Code    28  port.o(.emb_text)
    __asm___6_port_c_39a90d8d__prvStartFirstTask 0x0800020d   Thumb Code    36  port.o(.emb_text)
    __asm___6_port_c_39a90d8d__prvEnableVFP  0x08000235   Thumb Code    16  port.o(.emb_text)
    PendSV_Handler                           0x08000249   Thumb Code    88  port.o(.emb_text)
    vPortGetIPSR                             0x080002a5   Thumb Code     6  port.o(.emb_text)
    Reset_Handler                            0x080002ad   Thumb Code     8  startup_stm32g473xx.o(.text)
    ADC1_2_IRQHandler                        0x080002c7   Thumb Code     0  startup_stm32g473xx.o(.text)
    ADC3_IRQHandler                          0x080002c7   Thumb Code     0  startup_stm32g473xx.o(.text)
    ADC4_IRQHandler                          0x080002c7   Thumb Code     0  startup_stm32g473xx.o(.text)
    ADC5_IRQHandler                          0x080002c7   Thumb Code     0  startup_stm32g473xx.o(.text)
    COMP1_2_3_IRQHandler                     0x080002c7   Thumb Code     0  startup_stm32g473xx.o(.text)
    COMP4_5_6_IRQHandler                     0x080002c7   Thumb Code     0  startup_stm32g473xx.o(.text)
    COMP7_IRQHandler                         0x080002c7   Thumb Code     0  startup_stm32g473xx.o(.text)
    CORDIC_IRQHandler                        0x080002c7   Thumb Code     0  startup_stm32g473xx.o(.text)
    CRS_IRQHandler                           0x080002c7   Thumb Code     0  startup_stm32g473xx.o(.text)
    DMA1_Channel1_IRQHandler                 0x080002c7   Thumb Code     0  startup_stm32g473xx.o(.text)
    DMA1_Channel2_IRQHandler                 0x080002c7   Thumb Code     0  startup_stm32g473xx.o(.text)
    DMA1_Channel3_IRQHandler                 0x080002c7   Thumb Code     0  startup_stm32g473xx.o(.text)
    DMA1_Channel4_IRQHandler                 0x080002c7   Thumb Code     0  startup_stm32g473xx.o(.text)
    DMA1_Channel5_IRQHandler                 0x080002c7   Thumb Code     0  startup_stm32g473xx.o(.text)
    DMA1_Channel6_IRQHandler                 0x080002c7   Thumb Code     0  startup_stm32g473xx.o(.text)
    DMA1_Channel7_IRQHandler                 0x080002c7   Thumb Code     0  startup_stm32g473xx.o(.text)
    DMA1_Channel8_IRQHandler                 0x080002c7   Thumb Code     0  startup_stm32g473xx.o(.text)
    DMA2_Channel1_IRQHandler                 0x080002c7   Thumb Code     0  startup_stm32g473xx.o(.text)
    DMA2_Channel2_IRQHandler                 0x080002c7   Thumb Code     0  startup_stm32g473xx.o(.text)
    DMA2_Channel3_IRQHandler                 0x080002c7   Thumb Code     0  startup_stm32g473xx.o(.text)
    DMA2_Channel4_IRQHandler                 0x080002c7   Thumb Code     0  startup_stm32g473xx.o(.text)
    DMA2_Channel5_IRQHandler                 0x080002c7   Thumb Code     0  startup_stm32g473xx.o(.text)
    DMA2_Channel6_IRQHandler                 0x080002c7   Thumb Code     0  startup_stm32g473xx.o(.text)
    DMA2_Channel7_IRQHandler                 0x080002c7   Thumb Code     0  startup_stm32g473xx.o(.text)
    DMA2_Channel8_IRQHandler                 0x080002c7   Thumb Code     0  startup_stm32g473xx.o(.text)
    DMAMUX_OVR_IRQHandler                    0x080002c7   Thumb Code     0  startup_stm32g473xx.o(.text)
    EXTI0_IRQHandler                         0x080002c7   Thumb Code     0  startup_stm32g473xx.o(.text)
    EXTI15_10_IRQHandler                     0x080002c7   Thumb Code     0  startup_stm32g473xx.o(.text)
    EXTI1_IRQHandler                         0x080002c7   Thumb Code     0  startup_stm32g473xx.o(.text)
    EXTI2_IRQHandler                         0x080002c7   Thumb Code     0  startup_stm32g473xx.o(.text)
    EXTI3_IRQHandler                         0x080002c7   Thumb Code     0  startup_stm32g473xx.o(.text)
    EXTI4_IRQHandler                         0x080002c7   Thumb Code     0  startup_stm32g473xx.o(.text)
    EXTI9_5_IRQHandler                       0x080002c7   Thumb Code     0  startup_stm32g473xx.o(.text)
    FDCAN1_IT0_IRQHandler                    0x080002c7   Thumb Code     0  startup_stm32g473xx.o(.text)
    FDCAN1_IT1_IRQHandler                    0x080002c7   Thumb Code     0  startup_stm32g473xx.o(.text)
    FDCAN2_IT0_IRQHandler                    0x080002c7   Thumb Code     0  startup_stm32g473xx.o(.text)
    FDCAN2_IT1_IRQHandler                    0x080002c7   Thumb Code     0  startup_stm32g473xx.o(.text)
    FDCAN3_IT0_IRQHandler                    0x080002c7   Thumb Code     0  startup_stm32g473xx.o(.text)
    FDCAN3_IT1_IRQHandler                    0x080002c7   Thumb Code     0  startup_stm32g473xx.o(.text)
    FLASH_IRQHandler                         0x080002c7   Thumb Code     0  startup_stm32g473xx.o(.text)
    FMAC_IRQHandler                          0x080002c7   Thumb Code     0  startup_stm32g473xx.o(.text)
    FMC_IRQHandler                           0x080002c7   Thumb Code     0  startup_stm32g473xx.o(.text)
    FPU_IRQHandler                           0x080002c7   Thumb Code     0  startup_stm32g473xx.o(.text)
    I2C1_ER_IRQHandler                       0x080002c7   Thumb Code     0  startup_stm32g473xx.o(.text)
    I2C1_EV_IRQHandler                       0x080002c7   Thumb Code     0  startup_stm32g473xx.o(.text)
    I2C2_ER_IRQHandler                       0x080002c7   Thumb Code     0  startup_stm32g473xx.o(.text)
    I2C2_EV_IRQHandler                       0x080002c7   Thumb Code     0  startup_stm32g473xx.o(.text)
    I2C3_ER_IRQHandler                       0x080002c7   Thumb Code     0  startup_stm32g473xx.o(.text)
    I2C3_EV_IRQHandler                       0x080002c7   Thumb Code     0  startup_stm32g473xx.o(.text)
    I2C4_ER_IRQHandler                       0x080002c7   Thumb Code     0  startup_stm32g473xx.o(.text)
    I2C4_EV_IRQHandler                       0x080002c7   Thumb Code     0  startup_stm32g473xx.o(.text)
    LPTIM1_IRQHandler                        0x080002c7   Thumb Code     0  startup_stm32g473xx.o(.text)
    LPUART1_IRQHandler                       0x080002c7   Thumb Code     0  startup_stm32g473xx.o(.text)
    PVD_PVM_IRQHandler                       0x080002c7   Thumb Code     0  startup_stm32g473xx.o(.text)
    QUADSPI_IRQHandler                       0x080002c7   Thumb Code     0  startup_stm32g473xx.o(.text)
    RCC_IRQHandler                           0x080002c7   Thumb Code     0  startup_stm32g473xx.o(.text)
    RNG_IRQHandler                           0x080002c7   Thumb Code     0  startup_stm32g473xx.o(.text)
    RTC_Alarm_IRQHandler                     0x080002c7   Thumb Code     0  startup_stm32g473xx.o(.text)
    RTC_TAMP_LSECSS_IRQHandler               0x080002c7   Thumb Code     0  startup_stm32g473xx.o(.text)
    RTC_WKUP_IRQHandler                      0x080002c7   Thumb Code     0  startup_stm32g473xx.o(.text)
    SAI1_IRQHandler                          0x080002c7   Thumb Code     0  startup_stm32g473xx.o(.text)
    SPI1_IRQHandler                          0x080002c7   Thumb Code     0  startup_stm32g473xx.o(.text)
    SPI2_IRQHandler                          0x080002c7   Thumb Code     0  startup_stm32g473xx.o(.text)
    SPI3_IRQHandler                          0x080002c7   Thumb Code     0  startup_stm32g473xx.o(.text)
    SPI4_IRQHandler                          0x080002c7   Thumb Code     0  startup_stm32g473xx.o(.text)
    TIM1_BRK_TIM15_IRQHandler                0x080002c7   Thumb Code     0  startup_stm32g473xx.o(.text)
    TIM1_CC_IRQHandler                       0x080002c7   Thumb Code     0  startup_stm32g473xx.o(.text)
    TIM1_TRG_COM_TIM17_IRQHandler            0x080002c7   Thumb Code     0  startup_stm32g473xx.o(.text)
    TIM20_BRK_IRQHandler                     0x080002c7   Thumb Code     0  startup_stm32g473xx.o(.text)
    TIM20_CC_IRQHandler                      0x080002c7   Thumb Code     0  startup_stm32g473xx.o(.text)
    TIM20_TRG_COM_IRQHandler                 0x080002c7   Thumb Code     0  startup_stm32g473xx.o(.text)
    TIM20_UP_IRQHandler                      0x080002c7   Thumb Code     0  startup_stm32g473xx.o(.text)
    TIM2_IRQHandler                          0x080002c7   Thumb Code     0  startup_stm32g473xx.o(.text)
    TIM3_IRQHandler                          0x080002c7   Thumb Code     0  startup_stm32g473xx.o(.text)
    TIM4_IRQHandler                          0x080002c7   Thumb Code     0  startup_stm32g473xx.o(.text)
    TIM5_IRQHandler                          0x080002c7   Thumb Code     0  startup_stm32g473xx.o(.text)
    TIM6_DAC_IRQHandler                      0x080002c7   Thumb Code     0  startup_stm32g473xx.o(.text)
    TIM7_DAC_IRQHandler                      0x080002c7   Thumb Code     0  startup_stm32g473xx.o(.text)
    TIM8_BRK_IRQHandler                      0x080002c7   Thumb Code     0  startup_stm32g473xx.o(.text)
    TIM8_CC_IRQHandler                       0x080002c7   Thumb Code     0  startup_stm32g473xx.o(.text)
    TIM8_TRG_COM_IRQHandler                  0x080002c7   Thumb Code     0  startup_stm32g473xx.o(.text)
    TIM8_UP_IRQHandler                       0x080002c7   Thumb Code     0  startup_stm32g473xx.o(.text)
    UART4_IRQHandler                         0x080002c7   Thumb Code     0  startup_stm32g473xx.o(.text)
    UART5_IRQHandler                         0x080002c7   Thumb Code     0  startup_stm32g473xx.o(.text)
    UCPD1_IRQHandler                         0x080002c7   Thumb Code     0  startup_stm32g473xx.o(.text)
    USART1_IRQHandler                        0x080002c7   Thumb Code     0  startup_stm32g473xx.o(.text)
    USART2_IRQHandler                        0x080002c7   Thumb Code     0  startup_stm32g473xx.o(.text)
    USART3_IRQHandler                        0x080002c7   Thumb Code     0  startup_stm32g473xx.o(.text)
    USBWakeUp_IRQHandler                     0x080002c7   Thumb Code     0  startup_stm32g473xx.o(.text)
    USB_HP_IRQHandler                        0x080002c7   Thumb Code     0  startup_stm32g473xx.o(.text)
    USB_LP_IRQHandler                        0x080002c7   Thumb Code     0  startup_stm32g473xx.o(.text)
    WWDG_IRQHandler                          0x080002c7   Thumb Code     0  startup_stm32g473xx.o(.text)
    __aeabi_uldivmod                         0x080002d1   Thumb Code    98  uldiv.o(.text)
    __aeabi_memcpy                           0x08000333   Thumb Code    36  memcpya.o(.text)
    __aeabi_memcpy4                          0x08000333   Thumb Code     0  memcpya.o(.text)
    __aeabi_memcpy8                          0x08000333   Thumb Code     0  memcpya.o(.text)
    __aeabi_memset                           0x08000357   Thumb Code    14  memseta.o(.text)
    __aeabi_memset4                          0x08000357   Thumb Code     0  memseta.o(.text)
    __aeabi_memset8                          0x08000357   Thumb Code     0  memseta.o(.text)
    __aeabi_memclr                           0x08000365   Thumb Code     4  memseta.o(.text)
    __aeabi_memclr4                          0x08000365   Thumb Code     0  memseta.o(.text)
    __aeabi_memclr8                          0x08000365   Thumb Code     0  memseta.o(.text)
    memset                                   0x08000369   Thumb Code    18  memseta.o(.text)
    __aeabi_dmul                             0x0800037b   Thumb Code   228  dmul.o(.text)
    __aeabi_ui2d                             0x0800045f   Thumb Code    26  dfltui.o(.text)
    __aeabi_uidiv                            0x08000479   Thumb Code     0  uidiv.o(.text)
    __aeabi_uidivmod                         0x08000479   Thumb Code    44  uidiv.o(.text)
    __aeabi_llsl                             0x080004a5   Thumb Code    30  llshl.o(.text)
    _ll_shift_l                              0x080004a5   Thumb Code     0  llshl.o(.text)
    __aeabi_llsr                             0x080004c3   Thumb Code    32  llushr.o(.text)
    _ll_ushift_r                             0x080004c3   Thumb Code     0  llushr.o(.text)
    __I$use$fp                               0x080004e3   Thumb Code     0  iusefp.o(.text)
    _double_round                            0x080004e3   Thumb Code    30  depilogue.o(.text)
    _double_epilogue                         0x08000501   Thumb Code   156  depilogue.o(.text)
    __aeabi_dadd                             0x0800059d   Thumb Code   322  dadd.o(.text)
    __aeabi_dsub                             0x080006df   Thumb Code     6  dadd.o(.text)
    __aeabi_drsub                            0x080006e5   Thumb Code     6  dadd.o(.text)
    __aeabi_ddiv                             0x080006eb   Thumb Code   222  ddiv.o(.text)
    __aeabi_d2ulz                            0x080007c9   Thumb Code    48  dfixul.o(.text)
    __aeabi_cdrcmple                         0x080007f9   Thumb Code    48  cdrcmple.o(.text)
    __scatterload                            0x08000829   Thumb Code    28  init.o(.text)
    __scatterload_rt2                        0x08000829   Thumb Code     0  init.o(.text)
    __aeabi_lasr                             0x0800084d   Thumb Code    36  llsshr.o(.text)
    _ll_sshift_r                             0x0800084d   Thumb Code     0  llsshr.o(.text)
    ADC_ConversionStop                       0x08000871   Thumb Code   212  stm32g4xx_hal_adc.o(i.ADC_ConversionStop)
    ADC_Disable                              0x0800094d   Thumb Code    98  stm32g4xx_hal_adc.o(i.ADC_Disable)
    ADC_Enable                               0x080009b5   Thumb Code   100  stm32g4xx_hal_adc.o(i.ADC_Enable)
    AdcSampleTask                            0x08000a1d   Thumb Code   376  app_freertos.o(i.AdcSampleTask)
    BusFault_Handler                         0x08000bfd   Thumb Code     2  stm32g4xx_it.o(i.BusFault_Handler)
    DebugMon_Handler                         0x08000bff   Thumb Code     2  stm32g4xx_it.o(i.DebugMon_Handler)
    Error_Handler                            0x08000c79   Thumb Code     2  main.o(i.Error_Handler)
    HAL_ADCEx_Calibration_Start              0x08000c7d   Thumb Code   138  stm32g4xx_hal_adc_ex.o(i.HAL_ADCEx_Calibration_Start)
    HAL_ADCEx_MultiModeConfigChannel         0x08000d11   Thumb Code   318  stm32g4xx_hal_adc_ex.o(i.HAL_ADCEx_MultiModeConfigChannel)
    HAL_ADC_ConfigChannel                    0x08000e69   Thumb Code  1064  stm32g4xx_hal_adc.o(i.HAL_ADC_ConfigChannel)
    HAL_ADC_GetValue                         0x080012d1   Thumb Code     6  stm32g4xx_hal_adc.o(i.HAL_ADC_GetValue)
    HAL_ADC_Init                             0x080012d9   Thumb Code   516  stm32g4xx_hal_adc.o(i.HAL_ADC_Init)
    HAL_ADC_MspInit                          0x0800150d   Thumb Code   128  adc.o(i.HAL_ADC_MspInit)
    HAL_ADC_PollForConversion                0x080015a1   Thumb Code   292  stm32g4xx_hal_adc.o(i.HAL_ADC_PollForConversion)
    HAL_ADC_Start                            0x080016d9   Thumb Code   288  stm32g4xx_hal_adc.o(i.HAL_ADC_Start)
    HAL_ADC_Stop                             0x08001811   Thumb Code    62  stm32g4xx_hal_adc.o(i.HAL_ADC_Stop)
    HAL_Delay                                0x08001851   Thumb Code    32  stm32g4xx_hal.o(i.HAL_Delay)
    HAL_GPIO_Init                            0x08001875   Thumb Code   422  stm32g4xx_hal_gpio.o(i.HAL_GPIO_Init)
    HAL_GPIO_ReadPin                         0x08001a3d   Thumb Code    10  stm32g4xx_hal_gpio.o(i.HAL_GPIO_ReadPin)
    HAL_GPIO_WritePin                        0x08001a47   Thumb Code    10  stm32g4xx_hal_gpio.o(i.HAL_GPIO_WritePin)
    HAL_GetTick                              0x08001a51   Thumb Code     6  stm32g4xx_hal.o(i.HAL_GetTick)
    HAL_I2CEx_ConfigAnalogFilter             0x08001a5d   Thumb Code    86  stm32g4xx_hal_i2c_ex.o(i.HAL_I2CEx_ConfigAnalogFilter)
    HAL_I2CEx_ConfigDigitalFilter            0x08001ab3   Thumb Code    82  stm32g4xx_hal_i2c_ex.o(i.HAL_I2CEx_ConfigDigitalFilter)
    HAL_I2C_GetState                         0x08001b05   Thumb Code     6  stm32g4xx_hal_i2c.o(i.HAL_I2C_GetState)
    HAL_I2C_Init                             0x08001b0d   Thumb Code   178  stm32g4xx_hal_i2c.o(i.HAL_I2C_Init)
    HAL_I2C_Master_Receive                   0x08001bc5   Thumb Code   282  stm32g4xx_hal_i2c.o(i.HAL_I2C_Master_Receive)
    HAL_I2C_Master_Transmit                  0x08001ce9   Thumb Code   282  stm32g4xx_hal_i2c.o(i.HAL_I2C_Master_Transmit)
    HAL_I2C_MspInit                          0x08001e0d   Thumb Code   146  i2c.o(i.HAL_I2C_MspInit)
    HAL_IncTick                              0x08001eb1   Thumb Code    12  stm32g4xx_hal.o(i.HAL_IncTick)
    HAL_Init                                 0x08001ec1   Thumb Code    30  stm32g4xx_hal.o(i.HAL_Init)
    HAL_InitTick                             0x08001ee1   Thumb Code    98  stm32g4xx_hal_timebase_tim.o(i.HAL_InitTick)
    HAL_MspInit                              0x08001f55   Thumb Code    58  stm32g4xx_hal_msp.o(i.HAL_MspInit)
    HAL_NVIC_EnableIRQ                       0x08001f99   Thumb Code    26  stm32g4xx_hal_cortex.o(i.HAL_NVIC_EnableIRQ)
    HAL_NVIC_SetPriority                     0x08001fb5   Thumb Code    60  stm32g4xx_hal_cortex.o(i.HAL_NVIC_SetPriority)
    HAL_NVIC_SetPriorityGrouping             0x08001ff5   Thumb Code    26  stm32g4xx_hal_cortex.o(i.HAL_NVIC_SetPriorityGrouping)
    HAL_PWREx_ControlVoltageScaling          0x08002019   Thumb Code   174  stm32g4xx_hal_pwr_ex.o(i.HAL_PWREx_ControlVoltageScaling)
    HAL_RCCEx_PeriphCLKConfig                0x080020d5   Thumb Code   758  stm32g4xx_hal_rcc_ex.o(i.HAL_RCCEx_PeriphCLKConfig)
    HAL_RCC_ClockConfig                      0x080023d5   Thumb Code   444  stm32g4xx_hal_rcc.o(i.HAL_RCC_ClockConfig)
    HAL_RCC_GetClockConfig                   0x080025b1   Thumb Code    54  stm32g4xx_hal_rcc.o(i.HAL_RCC_GetClockConfig)
    HAL_RCC_GetPCLK1Freq                     0x080025f1   Thumb Code    24  stm32g4xx_hal_rcc.o(i.HAL_RCC_GetPCLK1Freq)
    HAL_RCC_GetPCLK2Freq                     0x08002615   Thumb Code    24  stm32g4xx_hal_rcc.o(i.HAL_RCC_GetPCLK2Freq)
    HAL_RCC_GetSysClockFreq                  0x08002639   Thumb Code    98  stm32g4xx_hal_rcc.o(i.HAL_RCC_GetSysClockFreq)
    HAL_RCC_OscConfig                        0x080026a9   Thumb Code  1036  stm32g4xx_hal_rcc.o(i.HAL_RCC_OscConfig)
    HAL_TIMEx_Break2Callback                 0x08002ab5   Thumb Code     2  stm32g4xx_hal_tim_ex.o(i.HAL_TIMEx_Break2Callback)
    HAL_TIMEx_BreakCallback                  0x08002ab7   Thumb Code     2  stm32g4xx_hal_tim_ex.o(i.HAL_TIMEx_BreakCallback)
    HAL_TIMEx_CommutCallback                 0x08002ab9   Thumb Code     2  stm32g4xx_hal_tim_ex.o(i.HAL_TIMEx_CommutCallback)
    HAL_TIMEx_DirectionChangeCallback        0x08002abb   Thumb Code     2  stm32g4xx_hal_tim_ex.o(i.HAL_TIMEx_DirectionChangeCallback)
    HAL_TIMEx_EncoderIndexCallback           0x08002abd   Thumb Code     2  stm32g4xx_hal_tim_ex.o(i.HAL_TIMEx_EncoderIndexCallback)
    HAL_TIMEx_IndexErrorCallback             0x08002abf   Thumb Code     2  stm32g4xx_hal_tim_ex.o(i.HAL_TIMEx_IndexErrorCallback)
    HAL_TIMEx_TransitionErrorCallback        0x08002ac1   Thumb Code     2  stm32g4xx_hal_tim_ex.o(i.HAL_TIMEx_TransitionErrorCallback)
    HAL_TIM_Base_Init                        0x08002ac3   Thumb Code    98  stm32g4xx_hal_tim.o(i.HAL_TIM_Base_Init)
    HAL_TIM_Base_MspInit                     0x08002b25   Thumb Code     2  stm32g4xx_hal_tim.o(i.HAL_TIM_Base_MspInit)
    HAL_TIM_Base_Start_IT                    0x08002b29   Thumb Code    58  stm32g4xx_hal_tim.o(i.HAL_TIM_Base_Start_IT)
    HAL_TIM_IC_CaptureCallback               0x08002b69   Thumb Code     2  stm32g4xx_hal_tim.o(i.HAL_TIM_IC_CaptureCallback)
    HAL_TIM_IRQHandler                       0x08002b6b   Thumb Code   508  stm32g4xx_hal_tim.o(i.HAL_TIM_IRQHandler)
    HAL_TIM_OC_DelayElapsedCallback          0x08002d67   Thumb Code     2  stm32g4xx_hal_tim.o(i.HAL_TIM_OC_DelayElapsedCallback)
    HAL_TIM_PWM_PulseFinishedCallback        0x08002d69   Thumb Code     2  stm32g4xx_hal_tim.o(i.HAL_TIM_PWM_PulseFinishedCallback)
    HAL_TIM_PeriodElapsedCallback            0x08002d6d   Thumb Code    14  main.o(i.HAL_TIM_PeriodElapsedCallback)
    HAL_TIM_TriggerCallback                  0x08002d81   Thumb Code     2  stm32g4xx_hal_tim.o(i.HAL_TIM_TriggerCallback)
    HAL_UARTEx_DisableFifoMode               0x08002d83   Thumb Code    62  stm32g4xx_hal_uart_ex.o(i.HAL_UARTEx_DisableFifoMode)
    HAL_UARTEx_SetRxFifoThreshold            0x08002dc1   Thumb Code    76  stm32g4xx_hal_uart_ex.o(i.HAL_UARTEx_SetRxFifoThreshold)
    HAL_UARTEx_SetTxFifoThreshold            0x08002e0d   Thumb Code    76  stm32g4xx_hal_uart_ex.o(i.HAL_UARTEx_SetTxFifoThreshold)
    HAL_UART_Init                            0x08002e59   Thumb Code   106  stm32g4xx_hal_uart.o(i.HAL_UART_Init)
    HAL_UART_MspInit                         0x08002ec5   Thumb Code   198  usart.o(i.HAL_UART_MspInit)
    HAL_UART_Transmit                        0x08002fa5   Thumb Code   188  stm32g4xx_hal_uart.o(i.HAL_UART_Transmit)
    HardFault_Handler                        0x08003061   Thumb Code     2  stm32g4xx_it.o(i.HardFault_Handler)
    Key1Handle                               0x080032ad   Thumb Code    54  key.o(i.Key1Handle)
    KeyCheck                                 0x08003301   Thumb Code    56  key.o(i.KeyCheck)
    KeyGpioScan                              0x0800333d   Thumb Code   158  key.o(i.KeyGpioScan)
    KeyHandle                                0x080033f9   Thumb Code    36  key.o(i.KeyHandle)
    KeyInit                                  0x08003425   Thumb Code   106  key.o(i.KeyInit)
    KeyTask                                  0x080034a9   Thumb Code    64  key.o(i.KeyTask)
    LedControl                               0x0800359b   Thumb Code    50  gpio.o(i.LedControl)
    LedFlashTask                             0x080035cd   Thumb Code    34  gpio.o(i.LedFlashTask)
    MX_ADC2_Init                             0x080035f1   Thumb Code   156  adc.o(i.MX_ADC2_Init)
    MX_ADC3_Init                             0x0800369d   Thumb Code   156  adc.o(i.MX_ADC3_Init)
    MX_FREERTOS_Init                         0x08003749   Thumb Code    88  app_freertos.o(i.MX_FREERTOS_Init)
    MX_GPIO_Init                             0x080037c1   Thumb Code   234  gpio.o(i.MX_GPIO_Init)
    MX_I2C3_Init                             0x080038b9   Thumb Code    76  i2c.o(i.MX_I2C3_Init)
    MX_I2C4_Init                             0x08003911   Thumb Code    78  i2c.o(i.MX_I2C4_Init)
    MX_UART4_Init                            0x0800396d   Thumb Code    94  usart.o(i.MX_UART4_Init)
    MX_USART1_UART_Init                      0x080039d5   Thumb Code    94  usart.o(i.MX_USART1_UART_Init)
    MX_USART3_UART_Init                      0x08003a3d   Thumb Code    94  usart.o(i.MX_USART3_UART_Init)
    MainTask                                 0x08003aa5   Thumb Code    38  app_freertos.o(i.MainTask)
    MemManage_Handler                        0x08003add   Thumb Code     2  stm32g4xx_it.o(i.MemManage_Handler)
    NMI_Handler                              0x08003adf   Thumb Code     2  stm32g4xx_it.o(i.NMI_Handler)
    StartDefaultTask                         0x08003ae1   Thumb Code     8  app_freertos.o(i.StartDefaultTask)
    Sthc3ReadHumiAndTemp                     0x08003ae9   Thumb Code   146  app_freertos.o(i.Sthc3ReadHumiAndTemp)
    Sthc3ReadWord                            0x08003ba1   Thumb Code    72  app_freertos.o(i.Sthc3ReadWord)
    Sthc3SensorI2cReadTask                   0x08003bed   Thumb Code    60  app_freertos.o(i.Sthc3SensorI2cReadTask)
    Sthc3WriteByte                           0x08003c3d   Thumb Code    58  app_freertos.o(i.Sthc3WriteByte)
    SysTick_Handler                          0x08003c89   Thumb Code    38  port.o(i.SysTick_Handler)
    SystemClock_Config                       0x08003cb5   Thumb Code   124  main.o(i.SystemClock_Config)
    SystemInit                               0x08003d35   Thumb Code    22  system_stm32g4xx.o(i.SystemInit)
    TIM1_UP_TIM16_IRQHandler                 0x08003d51   Thumb Code     6  stm32g4xx_it.o(i.TIM1_UP_TIM16_IRQHandler)
    TIM_Base_SetConfig                       0x08003d5d   Thumb Code   176  stm32g4xx_hal_tim.o(i.TIM_Base_SetConfig)
    UART_AdvFeatureConfig                    0x08003e95   Thumb Code   200  stm32g4xx_hal_uart.o(i.UART_AdvFeatureConfig)
    UART_CheckIdleState                      0x08003f5d   Thumb Code    94  stm32g4xx_hal_uart.o(i.UART_CheckIdleState)
    UART_SetConfig                           0x08003fbd   Thumb Code  1904  stm32g4xx_hal_uart.o(i.UART_SetConfig)
    UART_WaitOnFlagUntilTimeout              0x0800472d   Thumb Code   100  stm32g4xx_hal_uart.o(i.UART_WaitOnFlagUntilTimeout)
    UsageFault_Handler                       0x08004791   Thumb Code     2  stm32g4xx_it.o(i.UsageFault_Handler)
    __0printf                                0x08004795   Thumb Code    22  printfa.o(i.__0printf)
    __1printf                                0x08004795   Thumb Code     0  printfa.o(i.__0printf)
    __2printf                                0x08004795   Thumb Code     0  printfa.o(i.__0printf)
    __c89printf                              0x08004795   Thumb Code     0  printfa.o(i.__0printf)
    printf                                   0x08004795   Thumb Code     0  printfa.o(i.__0printf)
    __scatterload_copy                       0x080047d5   Thumb Code    14  handlers.o(i.__scatterload_copy)
    __scatterload_null                       0x080047e3   Thumb Code     2  handlers.o(i.__scatterload_null)
    __scatterload_zeroinit                   0x080047e5   Thumb Code    14  handlers.o(i.__scatterload_zeroinit)
    fputc                                    0x080050a9   Thumb Code    20  usart.o(i.fputc)
    isNewKey                                 0x080050c1   Thumb Code    22  key.o(i.isNewKey)
    main                                     0x080050dd   Thumb Code    26  main.o(i.main)
    osDelay                                  0x08005105   Thumb Code    46  cmsis_os2.o(i.osDelay)
    osKernelInitialize                       0x08005139   Thumb Code    48  cmsis_os2.o(i.osKernelInitialize)
    osKernelStart                            0x0800516d   Thumb Code    56  cmsis_os2.o(i.osKernelStart)
    osThreadNew                              0x080051a9   Thumb Code   158  cmsis_os2.o(i.osThreadNew)
    pvPortMalloc                             0x080059e1   Thumb Code   210  heap_4.o(i.pvPortMalloc)
    pxPortInitialiseStack                    0x08005ab9   Thumb Code    40  port.o(i.pxPortInitialiseStack)
    uxListRemove                             0x08005ae5   Thumb Code    38  list.o(i.uxListRemove)
    vApplicationGetIdleTaskMemory            0x08005b0d   Thumb Code    16  cmsis_os2.o(i.vApplicationGetIdleTaskMemory)
    vApplicationGetTimerTaskMemory           0x08005b21   Thumb Code    18  cmsis_os2.o(i.vApplicationGetTimerTaskMemory)
    vListInitialise                          0x08005b39   Thumb Code    22  list.o(i.vListInitialise)
    vListInitialiseItem                      0x08005b4f   Thumb Code     6  list.o(i.vListInitialiseItem)
    vListInsert                              0x08005b55   Thumb Code    48  list.o(i.vListInsert)
    vListInsertEnd                           0x08005b85   Thumb Code    24  list.o(i.vListInsertEnd)
    vPortEnterCritical                       0x08005b9d   Thumb Code    54  port.o(i.vPortEnterCritical)
    vPortExitCritical                        0x08005bdd   Thumb Code    34  port.o(i.vPortExitCritical)
    vPortFree                                0x08005c05   Thumb Code    88  heap_4.o(i.vPortFree)
    vPortSetupTimerInterrupt                 0x08005c61   Thumb Code    32  port.o(i.vPortSetupTimerInterrupt)
    vPortValidateInterruptPriority           0x08005c85   Thumb Code    74  port.o(i.vPortValidateInterruptPriority)
    vQueueAddToRegistry                      0x08005cd9   Thumb Code    34  queue.o(i.vQueueAddToRegistry)
    vQueueWaitForMessageRestricted           0x08005d01   Thumb Code    68  queue.o(i.vQueueWaitForMessageRestricted)
    vTaskDelay                               0x08005d45   Thumb Code    66  tasks.o(i.vTaskDelay)
    vTaskInternalSetTimeOutState             0x08005d91   Thumb Code    12  tasks.o(i.vTaskInternalSetTimeOutState)
    vTaskMissedYield                         0x08005da1   Thumb Code     8  tasks.o(i.vTaskMissedYield)
    vTaskPlaceOnEventList                    0x08005dad   Thumb Code    44  tasks.o(i.vTaskPlaceOnEventList)
    vTaskPlaceOnEventListRestricted          0x08005ddd   Thumb Code    52  tasks.o(i.vTaskPlaceOnEventListRestricted)
    vTaskStartScheduler                      0x08005e15   Thumb Code   118  tasks.o(i.vTaskStartScheduler)
    vTaskSuspendAll                          0x08005e9d   Thumb Code    10  tasks.o(i.vTaskSuspendAll)
    vTaskSwitchContext                       0x08005ead   Thumb Code    90  tasks.o(i.vTaskSwitchContext)
    xPortStartScheduler                      0x08005f11   Thumb Code   222  port.o(i.xPortStartScheduler)
    xQueueGenericCreate                      0x08006005   Thumb Code    72  queue.o(i.xQueueGenericCreate)
    xQueueGenericCreateStatic                0x0800604d   Thumb Code   102  queue.o(i.xQueueGenericCreateStatic)
    xQueueGenericReset                       0x080060b5   Thumb Code   132  queue.o(i.xQueueGenericReset)
    xQueueGenericSend                        0x0800613d   Thumb Code   346  queue.o(i.xQueueGenericSend)
    xQueueGenericSendFromISR                 0x0800629d   Thumb Code   188  queue.o(i.xQueueGenericSendFromISR)
    xQueueReceive                            0x08006359   Thumb Code   308  queue.o(i.xQueueReceive)
    xTaskCheckForTimeOut                     0x08006491   Thumb Code   112  tasks.o(i.xTaskCheckForTimeOut)
    xTaskCreate                              0x08006505   Thumb Code    90  tasks.o(i.xTaskCreate)
    xTaskCreateStatic                        0x0800655f   Thumb Code    86  tasks.o(i.xTaskCreateStatic)
    xTaskGetSchedulerState                   0x080065b5   Thumb Code    22  tasks.o(i.xTaskGetSchedulerState)
    xTaskGetTickCount                        0x080065d1   Thumb Code     6  tasks.o(i.xTaskGetTickCount)
    xTaskIncrementTick                       0x080065dd   Thumb Code   190  tasks.o(i.xTaskIncrementTick)
    xTaskPriorityDisinherit                  0x080066a5   Thumb Code   118  tasks.o(i.xTaskPriorityDisinherit)
    xTaskRemoveFromEventList                 0x08006725   Thumb Code    98  tasks.o(i.xTaskRemoveFromEventList)
    xTaskResumeAll                           0x08006795   Thumb Code   182  tasks.o(i.xTaskResumeAll)
    xTimerCreateTimerTask                    0x08006859   Thumb Code    78  timers.o(i.xTimerCreateTimerTask)
    xTimerGenericCommand                     0x080068b9   Thumb Code    98  timers.o(i.xTimerGenericCommand)
    defaultTask_attributes                   0x08006938   Data          36  app_freertos.o(.constdata)
    KeyTask_attributes                       0x0800695c   Data          36  app_freertos.o(.constdata)
    LedTask_attributes                       0x08006980   Data          36  app_freertos.o(.constdata)
    AdcTask_attributes                       0x080069a4   Data          36  app_freertos.o(.constdata)
    I2CTask_attributes                       0x080069c8   Data          36  app_freertos.o(.constdata)
    MainTask_attributes                      0x080069ec   Data          36  app_freertos.o(.constdata)
    KeyScanTask_attributes                   0x08006a10   Data          36  key.o(.constdata)
    AHBPrescTable                            0x08006a34   Data          16  system_stm32g4xx.o(.constdata)
    APBPrescTable                            0x08006a44   Data           8  system_stm32g4xx.o(.constdata)
    Region$$Table$$Base                      0x08006aa4   Number         0  anon$$obj.o(Region$$Table)
    Region$$Table$$Limit                     0x08006ac4   Number         0  anon$$obj.o(Region$$Table)
    pKeyApiTag                               0x20000004   Data           4  key.o(.data)
    KeyQueue                                 0x20000008   Data           4  key.o(.data)
    uwTickPrio                               0x2000000c   Data           4  stm32g4xx_hal.o(.data)
    uwTickFreq                               0x20000010   Data           4  stm32g4xx_hal.o(.data)
    uwTick                                   0x20000014   Data           4  stm32g4xx_hal.o(.data)
    SystemCoreClock                          0x20000018   Data           4  system_stm32g4xx.o(.data)
    pxCurrentTCB                             0x2000001c   Data           4  tasks.o(.data)
    __stdout                                 0x20000094   Data           4  stdout.o(.data)
    hadc2                                    0x20000098   Data         108  adc.o(.bss)
    hadc3                                    0x20000104   Data         108  adc.o(.bss)
    osThreadIdArray                          0x20000170   Data          24  app_freertos.o(.bss)
    huart4                                   0x20000188   Data         140  usart.o(.bss)
    huart1                                   0x20000214   Data         140  usart.o(.bss)
    huart3                                   0x200002a0   Data         140  usart.o(.bss)
    htim1                                    0x2000032c   Data          76  stm32g4xx_hal_timebase_tim.o(.bss)
    KeyApiTag                                0x20000378   Data          10  key.o(.bss)
    hi2c3                                    0x20000384   Data          76  i2c.o(.bss)
    hi2c4                                    0x200003d0   Data          76  i2c.o(.bss)
    xQueueRegistry                           0x2000041c   Data          64  queue.o(.bss)
    __initial_sp                             0x200020f0   Data           0  startup_stm32g473xx.o(STACK)



==============================================================================

Memory Map of the image

  Image Entry point : 0x080001d9

  Load Region LR_IROM1 (Base: 0x08000000, Size: 0x00006b5c, Max: 0x00040000, ABSOLUTE)

    Execution Region ER_IROM1 (Exec base: 0x08000000, Load base: 0x08000000, Size: 0x00006ac4, Max: 0x00040000, ABSOLUTE)

    Exec Addr    Load Addr    Size         Type   Attr      Idx    E Section Name        Object

    0x08000000   0x08000000   0x000001d8   Data   RO            3    RESET               startup_stm32g473xx.o
    0x080001d8   0x080001d8   0x00000000   Code   RO         6518  * .ARM.Collect$$$$00000000  mc_w.l(entry.o)
    0x080001d8   0x080001d8   0x00000004   Code   RO         6796    .ARM.Collect$$$$00000001  mc_w.l(entry2.o)
    0x080001dc   0x080001dc   0x00000004   Code   RO         6799    .ARM.Collect$$$$00000004  mc_w.l(entry5.o)
    0x080001e0   0x080001e0   0x00000000   Code   RO         6801    .ARM.Collect$$$$00000008  mc_w.l(entry7b.o)
    0x080001e0   0x080001e0   0x00000000   Code   RO         6803    .ARM.Collect$$$$0000000A  mc_w.l(entry8b.o)
    0x080001e0   0x080001e0   0x00000008   Code   RO         6804    .ARM.Collect$$$$0000000B  mc_w.l(entry9a.o)
    0x080001e8   0x080001e8   0x00000000   Code   RO         6806    .ARM.Collect$$$$0000000D  mc_w.l(entry10a.o)
    0x080001e8   0x080001e8   0x00000000   Code   RO         6808    .ARM.Collect$$$$0000000F  mc_w.l(entry11a.o)
    0x080001e8   0x080001e8   0x00000004   Code   RO         6797    .ARM.Collect$$$$00002712  mc_w.l(entry2.o)
    0x080001ec   0x080001ec   0x000000be   Code   RO         6441    .emb_text           port.o
    0x080002aa   0x080002aa   0x00000002   PAD
    0x080002ac   0x080002ac   0x00000024   Code   RO            4    .text               startup_stm32g473xx.o
    0x080002d0   0x080002d0   0x00000062   Code   RO         6521    .text               mc_w.l(uldiv.o)
    0x08000332   0x08000332   0x00000024   Code   RO         6523    .text               mc_w.l(memcpya.o)
    0x08000356   0x08000356   0x00000024   Code   RO         6527    .text               mc_w.l(memseta.o)
    0x0800037a   0x0800037a   0x000000e4   Code   RO         6792    .text               mf_w.l(dmul.o)
    0x0800045e   0x0800045e   0x0000001a   Code   RO         6794    .text               mf_w.l(dfltui.o)
    0x08000478   0x08000478   0x0000002c   Code   RO         6811    .text               mc_w.l(uidiv.o)
    0x080004a4   0x080004a4   0x0000001e   Code   RO         6813    .text               mc_w.l(llshl.o)
    0x080004c2   0x080004c2   0x00000020   Code   RO         6815    .text               mc_w.l(llushr.o)
    0x080004e2   0x080004e2   0x00000000   Code   RO         6817    .text               mc_w.l(iusefp.o)
    0x080004e2   0x080004e2   0x000000ba   Code   RO         6818    .text               mf_w.l(depilogue.o)
    0x0800059c   0x0800059c   0x0000014e   Code   RO         6820    .text               mf_w.l(dadd.o)
    0x080006ea   0x080006ea   0x000000de   Code   RO         6822    .text               mf_w.l(ddiv.o)
    0x080007c8   0x080007c8   0x00000030   Code   RO         6824    .text               mf_w.l(dfixul.o)
    0x080007f8   0x080007f8   0x00000030   Code   RO         6826    .text               mf_w.l(cdrcmple.o)
    0x08000828   0x08000828   0x00000024   Code   RO         6828    .text               mc_w.l(init.o)
    0x0800084c   0x0800084c   0x00000024   Code   RO         6830    .text               mc_w.l(llsshr.o)
    0x08000870   0x08000870   0x000000dc   Code   RO          830    i.ADC_ConversionStop  stm32g4xx_hal_adc.o
    0x0800094c   0x0800094c   0x00000068   Code   RO          834    i.ADC_Disable       stm32g4xx_hal_adc.o
    0x080009b4   0x080009b4   0x00000068   Code   RO          835    i.ADC_Enable        stm32g4xx_hal_adc.o
    0x08000a1c   0x08000a1c   0x000001e0   Code   RO          326    i.AdcSampleTask     app_freertos.o
    0x08000bfc   0x08000bfc   0x00000002   Code   RO          465    i.BusFault_Handler  stm32g4xx_it.o
    0x08000bfe   0x08000bfe   0x00000002   Code   RO          466    i.DebugMon_Handler  stm32g4xx_it.o
    0x08000c00   0x08000c00   0x00000078   Code   RO           13    i.DeviceInit        main.o
    0x08000c78   0x08000c78   0x00000002   Code   RO           14    i.Error_Handler     main.o
    0x08000c7a   0x08000c7a   0x00000002   PAD
    0x08000c7c   0x08000c7c   0x00000094   Code   RO         1068    i.HAL_ADCEx_Calibration_Start  stm32g4xx_hal_adc_ex.o
    0x08000d10   0x08000d10   0x00000158   Code   RO         1085    i.HAL_ADCEx_MultiModeConfigChannel  stm32g4xx_hal_adc_ex.o
    0x08000e68   0x08000e68   0x00000468   Code   RO          837    i.HAL_ADC_ConfigChannel  stm32g4xx_hal_adc.o
    0x080012d0   0x080012d0   0x00000006   Code   RO          844    i.HAL_ADC_GetValue  stm32g4xx_hal_adc.o
    0x080012d6   0x080012d6   0x00000002   PAD
    0x080012d8   0x080012d8   0x00000234   Code   RO          846    i.HAL_ADC_Init      stm32g4xx_hal_adc.o
    0x0800150c   0x0800150c   0x00000094   Code   RO          279    i.HAL_ADC_MspInit   adc.o
    0x080015a0   0x080015a0   0x00000138   Code   RO          850    i.HAL_ADC_PollForConversion  stm32g4xx_hal_adc.o
    0x080016d8   0x080016d8   0x00000138   Code   RO          852    i.HAL_ADC_Start     stm32g4xx_hal_adc.o
    0x08001810   0x08001810   0x0000003e   Code   RO          856    i.HAL_ADC_Stop      stm32g4xx_hal_adc.o
    0x0800184e   0x0800184e   0x00000002   PAD
    0x08001850   0x08001850   0x00000024   Code   RO         1284    i.HAL_Delay         stm32g4xx_hal.o
    0x08001874   0x08001874   0x000001c8   Code   RO          767    i.HAL_GPIO_Init     stm32g4xx_hal_gpio.o
    0x08001a3c   0x08001a3c   0x0000000a   Code   RO          769    i.HAL_GPIO_ReadPin  stm32g4xx_hal_gpio.o
    0x08001a46   0x08001a46   0x0000000a   Code   RO          771    i.HAL_GPIO_WritePin  stm32g4xx_hal_gpio.o
    0x08001a50   0x08001a50   0x0000000c   Code   RO         1288    i.HAL_GetTick       stm32g4xx_hal.o
    0x08001a5c   0x08001a5c   0x00000056   Code   RO         4783    i.HAL_I2CEx_ConfigAnalogFilter  stm32g4xx_hal_i2c_ex.o
    0x08001ab2   0x08001ab2   0x00000052   Code   RO         4784    i.HAL_I2CEx_ConfigDigitalFilter  stm32g4xx_hal_i2c_ex.o
    0x08001b04   0x08001b04   0x00000006   Code   RO         4331    i.HAL_I2C_GetState  stm32g4xx_hal_i2c.o
    0x08001b0a   0x08001b0a   0x00000002   PAD
    0x08001b0c   0x08001b0c   0x000000b8   Code   RO         4332    i.HAL_I2C_Init      stm32g4xx_hal_i2c.o
    0x08001bc4   0x08001bc4   0x00000124   Code   RO         4338    i.HAL_I2C_Master_Receive  stm32g4xx_hal_i2c.o
    0x08001ce8   0x08001ce8   0x00000124   Code   RO         4345    i.HAL_I2C_Master_Transmit  stm32g4xx_hal_i2c.o
    0x08001e0c   0x08001e0c   0x000000a4   Code   RO          717    i.HAL_I2C_MspInit   i2c.o
    0x08001eb0   0x08001eb0   0x00000010   Code   RO         1291    i.HAL_IncTick       stm32g4xx_hal.o
    0x08001ec0   0x08001ec0   0x0000001e   Code   RO         1292    i.HAL_Init          stm32g4xx_hal.o
    0x08001ede   0x08001ede   0x00000002   PAD
    0x08001ee0   0x08001ee0   0x00000074   Code   RO          556    i.HAL_InitTick      stm32g4xx_hal_timebase_tim.o
    0x08001f54   0x08001f54   0x00000044   Code   RO          529    i.HAL_MspInit       stm32g4xx_hal_msp.o
    0x08001f98   0x08001f98   0x0000001a   Code   RO         2572    i.HAL_NVIC_EnableIRQ  stm32g4xx_hal_cortex.o
    0x08001fb2   0x08001fb2   0x00000002   PAD
    0x08001fb4   0x08001fb4   0x00000040   Code   RO         2578    i.HAL_NVIC_SetPriority  stm32g4xx_hal_cortex.o
    0x08001ff4   0x08001ff4   0x00000024   Code   RO         2579    i.HAL_NVIC_SetPriorityGrouping  stm32g4xx_hal_cortex.o
    0x08002018   0x08002018   0x000000bc   Code   RO         2328    i.HAL_PWREx_ControlVoltageScaling  stm32g4xx_hal_pwr_ex.o
    0x080020d4   0x080020d4   0x00000300   Code   RO         1637    i.HAL_RCCEx_PeriphCLKConfig  stm32g4xx_hal_rcc_ex.o
    0x080023d4   0x080023d4   0x000001dc   Code   RO         1512    i.HAL_RCC_ClockConfig  stm32g4xx_hal_rcc.o
    0x080025b0   0x080025b0   0x00000040   Code   RO         1517    i.HAL_RCC_GetClockConfig  stm32g4xx_hal_rcc.o
    0x080025f0   0x080025f0   0x00000024   Code   RO         1520    i.HAL_RCC_GetPCLK1Freq  stm32g4xx_hal_rcc.o
    0x08002614   0x08002614   0x00000024   Code   RO         1521    i.HAL_RCC_GetPCLK2Freq  stm32g4xx_hal_rcc.o
    0x08002638   0x08002638   0x00000070   Code   RO         1522    i.HAL_RCC_GetSysClockFreq  stm32g4xx_hal_rcc.o
    0x080026a8   0x080026a8   0x0000040c   Code   RO         1525    i.HAL_RCC_OscConfig  stm32g4xx_hal_rcc.o
    0x08002ab4   0x08002ab4   0x00000002   Code   RO         3418    i.HAL_TIMEx_Break2Callback  stm32g4xx_hal_tim_ex.o
    0x08002ab6   0x08002ab6   0x00000002   Code   RO         3419    i.HAL_TIMEx_BreakCallback  stm32g4xx_hal_tim_ex.o
    0x08002ab8   0x08002ab8   0x00000002   Code   RO         3420    i.HAL_TIMEx_CommutCallback  stm32g4xx_hal_tim_ex.o
    0x08002aba   0x08002aba   0x00000002   Code   RO         3431    i.HAL_TIMEx_DirectionChangeCallback  stm32g4xx_hal_tim_ex.o
    0x08002abc   0x08002abc   0x00000002   Code   RO         3445    i.HAL_TIMEx_EncoderIndexCallback  stm32g4xx_hal_tim_ex.o
    0x08002abe   0x08002abe   0x00000002   Code   RO         3459    i.HAL_TIMEx_IndexErrorCallback  stm32g4xx_hal_tim_ex.o
    0x08002ac0   0x08002ac0   0x00000002   Code   RO         3481    i.HAL_TIMEx_TransitionErrorCallback  stm32g4xx_hal_tim_ex.o
    0x08002ac2   0x08002ac2   0x00000062   Code   RO         2704    i.HAL_TIM_Base_Init  stm32g4xx_hal_tim.o
    0x08002b24   0x08002b24   0x00000002   Code   RO         2706    i.HAL_TIM_Base_MspInit  stm32g4xx_hal_tim.o
    0x08002b26   0x08002b26   0x00000002   PAD
    0x08002b28   0x08002b28   0x00000040   Code   RO         2709    i.HAL_TIM_Base_Start_IT  stm32g4xx_hal_tim.o
    0x08002b68   0x08002b68   0x00000002   Code   RO         2738    i.HAL_TIM_IC_CaptureCallback  stm32g4xx_hal_tim.o
    0x08002b6a   0x08002b6a   0x000001fc   Code   RO         2752    i.HAL_TIM_IRQHandler  stm32g4xx_hal_tim.o
    0x08002d66   0x08002d66   0x00000002   Code   RO         2755    i.HAL_TIM_OC_DelayElapsedCallback  stm32g4xx_hal_tim.o
    0x08002d68   0x08002d68   0x00000002   Code   RO         2782    i.HAL_TIM_PWM_PulseFinishedCallback  stm32g4xx_hal_tim.o
    0x08002d6a   0x08002d6a   0x00000002   PAD
    0x08002d6c   0x08002d6c   0x00000014   Code   RO           15    i.HAL_TIM_PeriodElapsedCallback  main.o
    0x08002d80   0x08002d80   0x00000002   Code   RO         2795    i.HAL_TIM_TriggerCallback  stm32g4xx_hal_tim.o
    0x08002d82   0x08002d82   0x0000003e   Code   RO         4228    i.HAL_UARTEx_DisableFifoMode  stm32g4xx_hal_uart_ex.o
    0x08002dc0   0x08002dc0   0x0000004c   Code   RO         4233    i.HAL_UARTEx_SetRxFifoThreshold  stm32g4xx_hal_uart_ex.o
    0x08002e0c   0x08002e0c   0x0000004c   Code   RO         4234    i.HAL_UARTEx_SetTxFifoThreshold  stm32g4xx_hal_uart_ex.o
    0x08002e58   0x08002e58   0x0000006a   Code   RO         3876    i.HAL_UART_Init     stm32g4xx_hal_uart.o
    0x08002ec2   0x08002ec2   0x00000002   PAD
    0x08002ec4   0x08002ec4   0x000000e0   Code   RO          406    i.HAL_UART_MspInit  usart.o
    0x08002fa4   0x08002fa4   0x000000bc   Code   RO         3884    i.HAL_UART_Transmit  stm32g4xx_hal_uart.o
    0x08003060   0x08003060   0x00000002   Code   RO          467    i.HardFault_Handler  stm32g4xx_it.o
    0x08003062   0x08003062   0x00000022   Code   RO         4379    i.I2C_Flush_TXDR    stm32g4xx_hal_i2c.o
    0x08003084   0x08003084   0x00000084   Code   RO         4387    i.I2C_IsAcknowledgeFailed  stm32g4xx_hal_i2c.o
    0x08003108   0x08003108   0x0000002c   Code   RO         4394    i.I2C_TransferConfig  stm32g4xx_hal_i2c.o
    0x08003134   0x08003134   0x00000058   Code   RO         4396    i.I2C_WaitOnFlagUntilTimeout  stm32g4xx_hal_i2c.o
    0x0800318c   0x0800318c   0x00000084   Code   RO         4397    i.I2C_WaitOnRXNEFlagUntilTimeout  stm32g4xx_hal_i2c.o
    0x08003210   0x08003210   0x0000004c   Code   RO         4398    i.I2C_WaitOnSTOPFlagUntilTimeout  stm32g4xx_hal_i2c.o
    0x0800325c   0x0800325c   0x00000050   Code   RO         4399    i.I2C_WaitOnTXISFlagUntilTimeout  stm32g4xx_hal_i2c.o
    0x080032ac   0x080032ac   0x00000054   Code   RO          598    i.Key1Handle        key.o
    0x08003300   0x08003300   0x0000003c   Code   RO          603    i.KeyCheck          key.o
    0x0800333c   0x0800333c   0x000000a4   Code   RO          604    i.KeyGpioScan       key.o
    0x080033e0   0x080033e0   0x00000018   Code   RO          605    i.KeyGpioValue      key.o
    0x080033f8   0x080033f8   0x0000002c   Code   RO          606    i.KeyHandle         key.o
    0x08003424   0x08003424   0x00000078   Code   RO          607    i.KeyInit           key.o
    0x0800349c   0x0800349c   0x0000000c   Code   RO          608    i.KeyScanTask       key.o
    0x080034a8   0x080034a8   0x00000090   Code   RO          609    i.KeyTask           key.o
    0x08003538   0x08003538   0x0000000c   Code   RO          860    i.LL_ADC_GetOffsetChannel  stm32g4xx_hal_adc.o
    0x08003544   0x08003544   0x00000008   Code   RO          861    i.LL_ADC_INJ_IsConversionOngoing  stm32g4xx_hal_adc.o
    0x0800354c   0x0800354c   0x00000008   Code   RO          862    i.LL_ADC_REG_IsConversionOngoing  stm32g4xx_hal_adc.o
    0x08003554   0x08003554   0x00000008   Code   RO         1095    i.LL_ADC_REG_IsConversionOngoing  stm32g4xx_hal_adc_ex.o
    0x0800355c   0x0800355c   0x00000010   Code   RO          863    i.LL_ADC_REG_IsTriggerSourceSWStart  stm32g4xx_hal_adc.o
    0x0800356c   0x0800356c   0x0000001e   Code   RO          865    i.LL_ADC_SetChannelSamplingTime  stm32g4xx_hal_adc.o
    0x0800358a   0x0800358a   0x00000010   Code   RO          866    i.LL_ADC_SetOffsetState  stm32g4xx_hal_adc.o
    0x0800359a   0x0800359a   0x00000032   Code   RO          239    i.LedControl        gpio.o
    0x080035cc   0x080035cc   0x00000022   Code   RO          240    i.LedFlashTask      gpio.o
    0x080035ee   0x080035ee   0x00000002   PAD
    0x080035f0   0x080035f0   0x000000ac   Code   RO          280    i.MX_ADC2_Init      adc.o
    0x0800369c   0x0800369c   0x000000ac   Code   RO          281    i.MX_ADC3_Init      adc.o
    0x08003748   0x08003748   0x00000078   Code   RO          327    i.MX_FREERTOS_Init  app_freertos.o
    0x080037c0   0x080037c0   0x000000f8   Code   RO          241    i.MX_GPIO_Init      gpio.o
    0x080038b8   0x080038b8   0x00000058   Code   RO          718    i.MX_I2C3_Init      i2c.o
    0x08003910   0x08003910   0x0000005c   Code   RO          719    i.MX_I2C4_Init      i2c.o
    0x0800396c   0x0800396c   0x00000068   Code   RO          407    i.MX_UART4_Init     usart.o
    0x080039d4   0x080039d4   0x00000068   Code   RO          408    i.MX_USART1_UART_Init  usart.o
    0x08003a3c   0x08003a3c   0x00000068   Code   RO          409    i.MX_USART3_UART_Init  usart.o
    0x08003aa4   0x08003aa4   0x00000038   Code   RO          328    i.MainTask          app_freertos.o
    0x08003adc   0x08003adc   0x00000002   Code   RO          468    i.MemManage_Handler  stm32g4xx_it.o
    0x08003ade   0x08003ade   0x00000002   Code   RO          469    i.NMI_Handler       stm32g4xx_it.o
    0x08003ae0   0x08003ae0   0x00000008   Code   RO          329    i.StartDefaultTask  app_freertos.o
    0x08003ae8   0x08003ae8   0x000000b8   Code   RO          330    i.Sthc3ReadHumiAndTemp  app_freertos.o
    0x08003ba0   0x08003ba0   0x0000004c   Code   RO          331    i.Sthc3ReadWord     app_freertos.o
    0x08003bec   0x08003bec   0x00000050   Code   RO          332    i.Sthc3SensorI2cReadTask  app_freertos.o
    0x08003c3c   0x08003c3c   0x0000004c   Code   RO          333    i.Sthc3WriteByte    app_freertos.o
    0x08003c88   0x08003c88   0x0000002c   Code   RO         6442    i.SysTick_Handler   port.o
    0x08003cb4   0x08003cb4   0x00000080   Code   RO           16    i.SystemClock_Config  main.o
    0x08003d34   0x08003d34   0x0000001c   Code   RO         4838    i.SystemInit        system_stm32g4xx.o
    0x08003d50   0x08003d50   0x0000000c   Code   RO          470    i.TIM1_UP_TIM16_IRQHandler  stm32g4xx_it.o
    0x08003d5c   0x08003d5c   0x000000d4   Code   RO         2797    i.TIM_Base_SetConfig  stm32g4xx_hal_tim.o
    0x08003e30   0x08003e30   0x00000064   Code   RO         4238    i.UARTEx_SetNbDataToProcess  stm32g4xx_hal_uart_ex.o
    0x08003e94   0x08003e94   0x000000c8   Code   RO         3889    i.UART_AdvFeatureConfig  stm32g4xx_hal_uart.o
    0x08003f5c   0x08003f5c   0x0000005e   Code   RO         3890    i.UART_CheckIdleState  stm32g4xx_hal_uart.o
    0x08003fba   0x08003fba   0x00000002   PAD
    0x08003fbc   0x08003fbc   0x00000770   Code   RO         3907    i.UART_SetConfig    stm32g4xx_hal_uart.o
    0x0800472c   0x0800472c   0x00000064   Code   RO         3912    i.UART_WaitOnFlagUntilTimeout  stm32g4xx_hal_uart.o
    0x08004790   0x08004790   0x00000002   Code   RO          471    i.UsageFault_Handler  stm32g4xx_it.o
    0x08004792   0x08004792   0x00000002   PAD
    0x08004794   0x08004794   0x00000020   Code   RO         6764    i.__0printf         mc_w.l(printfa.o)
    0x080047b4   0x080047b4   0x00000020   Code   RO         2585    i.__NVIC_SetPriority  stm32g4xx_hal_cortex.o
    0x080047d4   0x080047d4   0x0000000e   Code   RO         6834    i.__scatterload_copy  mc_w.l(handlers.o)
    0x080047e2   0x080047e2   0x00000002   Code   RO         6835    i.__scatterload_null  mc_w.l(handlers.o)
    0x080047e4   0x080047e4   0x0000000e   Code   RO         6836    i.__scatterload_zeroinit  mc_w.l(handlers.o)
    0x080047f2   0x080047f2   0x00000002   PAD
    0x080047f4   0x080047f4   0x00000184   Code   RO         6771    i._fp_digits        mc_w.l(printfa.o)
    0x08004978   0x08004978   0x000006dc   Code   RO         6772    i._printf_core      mc_w.l(printfa.o)
    0x08005054   0x08005054   0x00000024   Code   RO         6773    i._printf_post_padding  mc_w.l(printfa.o)
    0x08005078   0x08005078   0x0000002e   Code   RO         6774    i._printf_pre_padding  mc_w.l(printfa.o)
    0x080050a6   0x080050a6   0x00000002   PAD
    0x080050a8   0x080050a8   0x00000018   Code   RO          410    i.fputc             usart.o
    0x080050c0   0x080050c0   0x0000001c   Code   RO          611    i.isNewKey          key.o
    0x080050dc   0x080050dc   0x00000028   Code   RO           17    i.main              main.o
    0x08005104   0x08005104   0x00000034   Code   RO         5962    i.osDelay           cmsis_os2.o
    0x08005138   0x08005138   0x00000034   Code   RO         5976    i.osKernelInitialize  cmsis_os2.o
    0x0800516c   0x0800516c   0x0000003c   Code   RO         5979    i.osKernelStart     cmsis_os2.o
    0x080051a8   0x080051a8   0x000000a4   Code   RO         6012    i.osThreadNew       cmsis_os2.o
    0x0800524c   0x0800524c   0x0000005c   Code   RO         5446    i.prvAddCurrentTaskToDelayedList  tasks.o
    0x080052a8   0x080052a8   0x000000d0   Code   RO         5447    i.prvAddNewTaskToReadyList  tasks.o
    0x08005378   0x08005378   0x00000058   Code   RO         5799    i.prvCheckForValidListAndQueue  timers.o
    0x080053d0   0x080053d0   0x00000026   Code   RO         5043    i.prvCopyDataFromQueue  queue.o
    0x080053f6   0x080053f6   0x0000006c   Code   RO         5044    i.prvCopyDataToQueue  queue.o
    0x08005462   0x08005462   0x00000034   Code   RO         5448    i.prvDeleteTCB      tasks.o
    0x08005496   0x08005496   0x00000002   PAD
    0x08005498   0x08005498   0x0000004c   Code   RO         6392    i.prvHeapInit       heap_4.o
    0x080054e4   0x080054e4   0x00000060   Code   RO         5449    i.prvIdleTask       tasks.o
    0x08005544   0x08005544   0x00000022   Code   RO         5046    i.prvInitialiseNewQueue  queue.o
    0x08005566   0x08005566   0x00000002   PAD
    0x08005568   0x08005568   0x000000b0   Code   RO         5450    i.prvInitialiseNewTask  tasks.o
    0x08005618   0x08005618   0x0000004c   Code   RO         6393    i.prvInsertBlockIntoFreeList  heap_4.o
    0x08005664   0x08005664   0x00000038   Code   RO         5801    i.prvInsertTimerInActiveList  timers.o
    0x0800569c   0x0800569c   0x0000001c   Code   RO         5047    i.prvIsQueueEmpty   queue.o
    0x080056b8   0x080056b8   0x000000fc   Code   RO         5802    i.prvProcessReceivedCommands  timers.o
    0x080057b4   0x080057b4   0x000000c0   Code   RO         5803    i.prvProcessTimerOrBlockTask  timers.o
    0x08005874   0x08005874   0x00000020   Code   RO         5452    i.prvResetNextTaskUnblockTime  tasks.o
    0x08005894   0x08005894   0x00000028   Code   RO         5804    i.prvSampleTimeNow  timers.o
    0x080058bc   0x080058bc   0x0000006c   Code   RO         5805    i.prvSwitchTimerLists  timers.o
    0x08005928   0x08005928   0x00000028   Code   RO         6443    i.prvTaskExitError  port.o
    0x08005950   0x08005950   0x00000024   Code   RO         5806    i.prvTimerTask      timers.o
    0x08005974   0x08005974   0x0000006a   Code   RO         5048    i.prvUnlockQueue    queue.o
    0x080059de   0x080059de   0x00000002   PAD
    0x080059e0   0x080059e0   0x000000d8   Code   RO         6394    i.pvPortMalloc      heap_4.o
    0x08005ab8   0x08005ab8   0x0000002c   Code   RO         6444    i.pxPortInitialiseStack  port.o
    0x08005ae4   0x08005ae4   0x00000026   Code   RO         5003    i.uxListRemove      list.o
    0x08005b0a   0x08005b0a   0x00000002   PAD
    0x08005b0c   0x08005b0c   0x00000014   Code   RO         6024    i.vApplicationGetIdleTaskMemory  cmsis_os2.o
    0x08005b20   0x08005b20   0x00000018   Code   RO         6025    i.vApplicationGetTimerTaskMemory  cmsis_os2.o
    0x08005b38   0x08005b38   0x00000016   Code   RO         5004    i.vListInitialise   list.o
    0x08005b4e   0x08005b4e   0x00000006   Code   RO         5005    i.vListInitialiseItem  list.o
    0x08005b54   0x08005b54   0x00000030   Code   RO         5006    i.vListInsert       list.o
    0x08005b84   0x08005b84   0x00000018   Code   RO         5007    i.vListInsertEnd    list.o
    0x08005b9c   0x08005b9c   0x00000040   Code   RO         6446    i.vPortEnterCritical  port.o
    0x08005bdc   0x08005bdc   0x00000028   Code   RO         6447    i.vPortExitCritical  port.o
    0x08005c04   0x08005c04   0x0000005c   Code   RO         6395    i.vPortFree         heap_4.o
    0x08005c60   0x08005c60   0x00000024   Code   RO         6448    i.vPortSetupTimerInterrupt  port.o
    0x08005c84   0x08005c84   0x00000054   Code   RO         6449    i.vPortValidateInterruptPriority  port.o
    0x08005cd8   0x08005cd8   0x00000028   Code   RO         5054    i.vQueueAddToRegistry  queue.o
    0x08005d00   0x08005d00   0x00000044   Code   RO         5058    i.vQueueWaitForMessageRestricted  queue.o
    0x08005d44   0x08005d44   0x0000004c   Code   RO         5464    i.vTaskDelay        tasks.o
    0x08005d90   0x08005d90   0x00000010   Code   RO         5469    i.vTaskInternalSetTimeOutState  tasks.o
    0x08005da0   0x08005da0   0x0000000c   Code   RO         5470    i.vTaskMissedYield  tasks.o
    0x08005dac   0x08005dac   0x00000030   Code   RO         5472    i.vTaskPlaceOnEventList  tasks.o
    0x08005ddc   0x08005ddc   0x00000038   Code   RO         5473    i.vTaskPlaceOnEventListRestricted  tasks.o
    0x08005e14   0x08005e14   0x00000088   Code   RO         5481    i.vTaskStartScheduler  tasks.o
    0x08005e9c   0x08005e9c   0x00000010   Code   RO         5483    i.vTaskSuspendAll   tasks.o
    0x08005eac   0x08005eac   0x00000064   Code   RO         5484    i.vTaskSwitchContext  tasks.o
    0x08005f10   0x08005f10   0x000000f4   Code   RO         6450    i.xPortStartScheduler  port.o
    0x08006004   0x08006004   0x00000048   Code   RO         5063    i.xQueueGenericCreate  queue.o
    0x0800604c   0x0800604c   0x00000066   Code   RO         5064    i.xQueueGenericCreateStatic  queue.o
    0x080060b2   0x080060b2   0x00000002   PAD
    0x080060b4   0x080060b4   0x00000088   Code   RO         5065    i.xQueueGenericReset  queue.o
    0x0800613c   0x0800613c   0x00000160   Code   RO         5066    i.xQueueGenericSend  queue.o
    0x0800629c   0x0800629c   0x000000bc   Code   RO         5067    i.xQueueGenericSendFromISR  queue.o
    0x08006358   0x08006358   0x00000138   Code   RO         5076    i.xQueueReceive     queue.o
    0x08006490   0x08006490   0x00000074   Code   RO         5485    i.xTaskCheckForTimeOut  tasks.o
    0x08006504   0x08006504   0x0000005a   Code   RO         5486    i.xTaskCreate       tasks.o
    0x0800655e   0x0800655e   0x00000056   Code   RO         5487    i.xTaskCreateStatic  tasks.o
    0x080065b4   0x080065b4   0x0000001c   Code   RO         5491    i.xTaskGetSchedulerState  tasks.o
    0x080065d0   0x080065d0   0x0000000c   Code   RO         5492    i.xTaskGetTickCount  tasks.o
    0x080065dc   0x080065dc   0x000000c8   Code   RO         5494    i.xTaskIncrementTick  tasks.o
    0x080066a4   0x080066a4   0x00000080   Code   RO         5497    i.xTaskPriorityDisinherit  tasks.o
    0x08006724   0x08006724   0x00000070   Code   RO         5499    i.xTaskRemoveFromEventList  tasks.o
    0x08006794   0x08006794   0x000000c4   Code   RO         5500    i.xTaskResumeAll    tasks.o
    0x08006858   0x08006858   0x00000060   Code   RO         5814    i.xTimerCreateTimerTask  timers.o
    0x080068b8   0x080068b8   0x00000068   Code   RO         5815    i.xTimerGenericCommand  timers.o
    0x08006920   0x08006920   0x00000018   Data   RO           18    .constdata          main.o
    0x08006938   0x08006938   0x000000d8   Data   RO          335    .constdata          app_freertos.o
    0x08006a10   0x08006a10   0x00000024   Data   RO          613    .constdata          key.o
    0x08006a34   0x08006a34   0x00000010   Data   RO         4839    .constdata          system_stm32g4xx.o
    0x08006a44   0x08006a44   0x00000008   Data   RO         4840    .constdata          system_stm32g4xx.o
    0x08006a4c   0x08006a4c   0x00000048   Data   RO          336    .conststring        app_freertos.o
    0x08006a94   0x08006a94   0x0000000d   Data   RO          614    .conststring        key.o
    0x08006aa1   0x08006aa1   0x00000003   PAD
    0x08006aa4   0x08006aa4   0x00000020   Data   RO         6832    Region$$Table       anon$$obj.o


    Execution Region RW_IRAM1 (Exec base: 0x20000000, Load base: 0x08006ac4, Size: 0x000020f0, Max: 0x00020000, ABSOLUTE)

    Exec Addr    Load Addr    Size         Type   Attr      Idx    E Section Name        Object

    0x20000000   0x08006ac4   0x0000000c   Data   RW          615    .data               key.o
    0x2000000c   0x08006ad0   0x0000000c   Data   RW         1312    .data               stm32g4xx_hal.o
    0x20000018   0x08006adc   0x00000004   Data   RW         4841    .data               system_stm32g4xx.o
    0x2000001c   0x08006ae0   0x0000003c   Data   RW         5503    .data               tasks.o
    0x20000058   0x08006b1c   0x00000014   Data   RW         5823    .data               timers.o
    0x2000006c   0x08006b30   0x00000004   Data   RW         6027    .data               cmsis_os2.o
    0x20000070   0x08006b34   0x00000018   Data   RW         6400    .data               heap_4.o
    0x20000088   0x08006b4c   0x0000000c   Data   RW         6451    .data               port.o
    0x20000094   0x08006b58   0x00000004   Data   RW         6810    .data               mc_w.l(stdout.o)
    0x20000098        -       0x000000d8   Zero   RW          282    .bss                adc.o
    0x20000170        -       0x00000018   Zero   RW          334    .bss                app_freertos.o
    0x20000188        -       0x000001a4   Zero   RW          411    .bss                usart.o
    0x2000032c        -       0x0000004c   Zero   RW          559    .bss                stm32g4xx_hal_timebase_tim.o
    0x20000378        -       0x0000000a   Zero   RW          612    .bss                key.o
    0x20000382   0x08006b5c   0x00000002   PAD
    0x20000384        -       0x00000098   Zero   RW          720    .bss                i2c.o
    0x2000041c        -       0x00000040   Zero   RW         5080    .bss                queue.o
    0x2000045c        -       0x000004c4   Zero   RW         5502    .bss                tasks.o
    0x20000920        -       0x00000118   Zero   RW         5822    .bss                timers.o
    0x20000a38        -       0x000006b8   Zero   RW         6026    .bss                cmsis_os2.o
    0x200010f0        -       0x00000c00   Zero   RW         6399    .bss                heap_4.o
    0x20001cf0        -       0x00000400   Zero   RW            1    STACK               startup_stm32g473xx.o


==============================================================================

Image component sizes


      Code (inc. data)   RO Data    RW Data    ZI Data      Debug   Object Name

       492         52          0          0        216       2510   adc.o
      1080        234        288          0         24       6599   app_freertos.o
       372         30          0          4       1720      30290   cmsis_os2.o
         0          0          0          0          0      18348   event_groups.o
       332         14          0          0          0       2383   gpio.o
       460         24          0         24       3072       4771   heap_4.o
       344         44          0          0        152       2350   i2c.o
       680        152         49         12         10       7609   key.o
       138          0          0          0          0       3546   list.o
       310         72         24          0          0     783659   main.o
       786         82          0         12          0      11589   port.o
      1584         20          0          0         64      18442   queue.o
        36          8        472          0       1024        836   startup_stm32g473xx.o
        94         14          0         12          0       3638   stm32g4xx_hal.o
      2902        174          0          0          0      82209   stm32g4xx_hal_adc.o
       500         36          0          0          0      69925   stm32g4xx_hal_adc_ex.o
       158         14          0          0          0      33158   stm32g4xx_hal_cortex.o
       476         34          0          0          0       3103   stm32g4xx_hal_gpio.o
      1360         38          0          0          0      11261   stm32g4xx_hal_i2c.o
       168          0          0          0          0       1911   stm32g4xx_hal_i2c_ex.o
        68         10          0          0          0       8678   stm32g4xx_hal_msp.o
       188         14          0          0          0        838   stm32g4xx_hal_pwr_ex.o
      1760        102          0          0          0       6633   stm32g4xx_hal_rcc.o
       768         10          0          0          0       1960   stm32g4xx_hal_rcc_ex.o
       892         42          0          0          0       7516   stm32g4xx_hal_tim.o
        14          0          0          0          0       4480   stm32g4xx_hal_tim_ex.o
       116         18          0          0         76       1399   stm32g4xx_hal_timebase_tim.o
      2592         66          0          0          0       7441   stm32g4xx_hal_uart.o
       314         18          0          0          0       3649   stm32g4xx_hal_uart_ex.o
        24          6          0          0          0       3200   stm32g4xx_it.o
         0          0          0          0          0        392   stream_buffer.o
        28          6         24          4          0       1135   system_stm32g4xx.o
      2084        170          0         60       1220      26900   tasks.o
       972         80          0         20        280      29503   timers.o
       560         60          0          0        420       3682   usart.o

    ----------------------------------------------------------------------
     22688       1644        892        148       8280    1205543   Object Totals
         0          0         32          0          0          0   (incl. Generated)
        36          0          3          0          2          0   (incl. Padding)

    ----------------------------------------------------------------------

      Code (inc. data)   RO Data    RW Data    ZI Data      Debug   Library Member Name

         0          0          0          0          0          0   entry.o
         0          0          0          0          0          0   entry10a.o
         0          0          0          0          0          0   entry11a.o
         8          4          0          0          0          0   entry2.o
         4          0          0          0          0          0   entry5.o
         0          0          0          0          0          0   entry7b.o
         0          0          0          0          0          0   entry8b.o
         8          4          0          0          0          0   entry9a.o
        30          0          0          0          0          0   handlers.o
        36          8          0          0          0         68   init.o
         0          0          0          0          0          0   iusefp.o
        30          0          0          0          0         68   llshl.o
        36          0          0          0          0         68   llsshr.o
        32          0          0          0          0         68   llushr.o
        36          0          0          0          0         68   memcpya.o
        36          0          0          0          0        108   memseta.o
      2258         90          0          0          0        452   printfa.o
         0          0          0          4          0          0   stdout.o
        44          0          0          0          0         80   uidiv.o
        98          0          0          0          0         92   uldiv.o
        48          0          0          0          0         68   cdrcmple.o
       334          0          0          0          0        148   dadd.o
       222          0          0          0          0        100   ddiv.o
       186          0          0          0          0        176   depilogue.o
        48          0          0          0          0         68   dfixul.o
        26          0          0          0          0         76   dfltui.o
       228          0          0          0          0         96   dmul.o

    ----------------------------------------------------------------------
      3752        106          0          4          0       1804   Library Totals
         4          0          0          0          0          0   (incl. Padding)

    ----------------------------------------------------------------------

      Code (inc. data)   RO Data    RW Data    ZI Data      Debug   Library Name

      2656        106          0          4          0       1072   mc_w.l
      1092          0          0          0          0        732   mf_w.l

    ----------------------------------------------------------------------
      3752        106          0          4          0       1804   Library Totals

    ----------------------------------------------------------------------

==============================================================================


      Code (inc. data)   RO Data    RW Data    ZI Data      Debug   

     26440       1750        892        152       8280    1188215   Grand Totals
     26440       1750        892        152       8280    1188215   ELF Image Totals
     26440       1750        892        152          0          0   ROM Totals

==============================================================================

    Total RO  Size (Code + RO Data)                27332 (  26.69kB)
    Total RW  Size (RW Data + ZI Data)              8432 (   8.23kB)
    Total ROM Size (Code + RO Data + RW Data)      27484 (  26.84kB)

==============================================================================

